Component: ARM Compiler 5.05 update 2 (build 169) Tool: armlink [4d0f33]

==============================================================================

Section Cross References

    main.o(i.main) refers to init.o(i.init) for init
    main.o(i.main) refers to ws2812driver.o(i.tablica) for tablica
    main.o(i.main) refers to timer.o(i.tim3_init) for tim3_init
    init.o(i.SystemClock_Config) refers to stm32f7xx_hal_rcc.o(i.HAL_RCC_OscConfig) for HAL_RCC_OscConfig
    init.o(i.SystemClock_Config) refers to stm32f7xx_hal_pwr_ex.o(i.HAL_PWREx_EnableOverDrive) for HAL_PWREx_EnableOverDrive
    init.o(i.SystemClock_Config) refers to stm32f7xx_hal_rcc.o(i.HAL_RCC_ClockConfig) for HAL_RCC_ClockConfig
    init.o(i.gpio_tim_mes_init) refers to stm32f7xx_hal_gpio.o(i.HAL_GPIO_Init) for HAL_GPIO_Init
    init.o(i.gpio_tim_mes_reset) refers to stm32f7xx_hal_gpio.o(i.HAL_GPIO_WritePin) for HAL_GPIO_WritePin
    init.o(i.gpio_tim_mes_set) refers to stm32f7xx_hal_gpio.o(i.HAL_GPIO_WritePin) for HAL_GPIO_WritePin
    init.o(i.gpio_tim_mes_toggle) refers to stm32f7xx_hal_gpio.o(i.HAL_GPIO_TogglePin) for HAL_GPIO_TogglePin
    init.o(i.init) refers to init.o(i.SystemClock_Config) for SystemClock_Config
    init.o(i.init) refers to stm32f7xx_hal.o(i.HAL_Init) for HAL_Init
    init.o(i.init) refers to init.o(i.led_init) for led_init
    init.o(i.init) refers to init.o(i.gpio_tim_mes_init) for gpio_tim_mes_init
    init.o(i.init) refers to uart.o(i.usart1_init) for usart1_init
    init.o(i.init) refers to uart.o(i.usart1_WriteS) for usart1_WriteS
    init.o(i.init) refers to uart.o(i.usart6_init) for usart6_init
    init.o(i.led_init) refers to stm32f7xx_hal_gpio.o(i.HAL_GPIO_Init) for HAL_GPIO_Init
    init.o(i.led_off) refers to stm32f7xx_hal_gpio.o(i.HAL_GPIO_WritePin) for HAL_GPIO_WritePin
    init.o(i.led_on) refers to stm32f7xx_hal_gpio.o(i.HAL_GPIO_WritePin) for HAL_GPIO_WritePin
    init.o(i.led_toggle) refers to stm32f7xx_hal_gpio.o(i.HAL_GPIO_TogglePin) for HAL_GPIO_TogglePin
    uart.o(i.DMA2_Stream6_IRQHandler) refers to stm32f7xx_hal_dma.o(i.HAL_DMA_IRQHandler) for HAL_DMA_IRQHandler
    uart.o(i.DMA2_Stream6_IRQHandler) refers to uart.o(.bss) for DMA_handle
    uart.o(i.HAL_UART_TxCpltCallback) refers to uart.o(.data) for flag_usart_tc
    uart.o(i.USART6_IRQHandler) refers to stm32f7xx_hal_uart.o(i.HAL_UART_IRQHandler) for HAL_UART_IRQHandler
    uart.o(i.USART6_IRQHandler) refers to uart.o(.bss) for USART6_handle
    uart.o(i.dma_conf) refers to stm32f7xx_hal_dma.o(i.HAL_DMA_Init) for HAL_DMA_Init
    uart.o(i.dma_conf) refers to uart.o(i.usart1_WriteS) for usart1_WriteS
    uart.o(i.dma_conf) refers to error.o(i.error) for error
    uart.o(i.dma_conf) refers to uart.o(.bss) for DMA_handle
    uart.o(i.start_dma) refers to stm32f7xx_hal_uart.o(i.HAL_UART_Transmit_DMA) for HAL_UART_Transmit_DMA
    uart.o(i.start_dma) refers to uart.o(i.usart1_WriteS) for usart1_WriteS
    uart.o(i.start_dma) refers to error.o(i.error) for error
    uart.o(i.start_dma) refers to uart.o(.bss) for USART6_handle
    uart.o(i.usart1_Write) refers to uart.o(.bss) for USART1_handle
    uart.o(i.usart1_WriteS) refers to uart.o(i.usart1_Write) for usart1_Write
    uart.o(i.usart1_WriteS) refers to uart.o(.bss) for USART1_handle
    uart.o(i.usart1_init) refers to stm32f7xx_hal_gpio.o(i.HAL_GPIO_Init) for HAL_GPIO_Init
    uart.o(i.usart1_init) refers to stm32f7xx_hal_uart.o(i.HAL_UART_Init) for HAL_UART_Init
    uart.o(i.usart1_init) refers to uart.o(.bss) for USART1_handle
    uart.o(i.usart6_Write) refers to uart.o(.bss) for USART6_handle
    uart.o(i.usart6_WriteS) refers to uart.o(i.usart6_Write) for usart6_Write
    uart.o(i.usart6_WriteS) refers to uart.o(.bss) for USART6_handle
    uart.o(i.usart6_init) refers to stm32f7xx_hal_gpio.o(i.HAL_GPIO_Init) for HAL_GPIO_Init
    uart.o(i.usart6_init) refers to uart.o(i.dma_conf) for dma_conf
    uart.o(i.usart6_init) refers to stm32f7xx_hal_uart.o(i.HAL_UART_Init) for HAL_UART_Init
    uart.o(i.usart6_init) refers to stm32f7xx_hal_cortex.o(i.HAL_NVIC_SetPriority) for HAL_NVIC_SetPriority
    uart.o(i.usart6_init) refers to stm32f7xx_hal_cortex.o(i.HAL_NVIC_EnableIRQ) for HAL_NVIC_EnableIRQ
    uart.o(i.usart6_init) refers to uart.o(.bss) for USART6_handle
    itoa.o(i.itoa) refers to itoa.o(i.__reverse) for __reverse
    itoa.o(i.itoa) refers to itoa.o(.constdata) for digits
    ws2812driver.o(i.tablica) refers to ws2812driver.o(i.dioda) for dioda
    ws2812driver.o(i.tablica) refers to ws2812driver.o(.data) for buf_short
    ws2812driver.o(i.tablica) refers to ws2812driver.o(.bss) for buf_tasma
    timer.o(i.TIM3_IRQHandler) refers to stm32f7xx_hal_uart.o(i.HAL_UART_Transmit_DMA) for HAL_UART_Transmit_DMA
    timer.o(i.TIM3_IRQHandler) refers to timer.o(.bss) for TIM3_HandleStruct
    timer.o(i.TIM3_IRQHandler) refers to uart.o(.data) for flag_usart_tc
    timer.o(i.TIM3_IRQHandler) refers to timer.o(.data) for r
[...]
    Removing stm32f7xx_hal_tim.o(i.HAL_TIM_Encoder_DeInit), (70 bytes).
    Removing stm32f7xx_hal_tim.o(i.HAL_TIM_Encoder_GetState), (8 bytes).
    Removing stm32f7xx_hal_tim.o(i.HAL_TIM_Encoder_Init), (184 bytes).
    Removing stm32f7xx_hal_tim.o(i.HAL_TIM_Encoder_MspDeInit), (2 bytes).
    Removing stm32f7xx_hal_tim.o(i.HAL_TIM_Encoder_MspInit), (2 bytes).
    Removing stm32f7xx_hal_tim.o(i.HAL_TIM_Encoder_Start), (78 bytes).
    Removing stm32f7xx_hal_tim.o(i.HAL_TIM_Encoder_Start_DMA), (328 bytes).
    Removing stm32f7xx_hal_tim.o(i.HAL_TIM_Encoder_Start_IT), (126 bytes).
    Removing stm32f7xx_hal_tim.o(i.HAL_TIM_Encoder_Stop), (104 bytes).
    Removing stm32f7xx_hal_tim.o(i.HAL_TIM_Encoder_Stop_DMA), (152 bytes).
    Removing stm32f7xx_hal_tim.o(i.HAL_TIM_Encoder_Stop_IT), (152 bytes).
    Removing stm32f7xx_hal_tim.o(i.HAL_TIM_ErrorCallback), (2 bytes).
    Removing stm32f7xx_hal_tim.o(i.HAL_TIM_GenerateEvent), (54 bytes).
    Removing stm32f7xx_hal_tim.o(i.HAL_TIM_IC_CaptureCallback), (2 bytes).
    Removing stm32f7xx_hal_tim.o(i.HAL_TIM_IC_ConfigChannel), (224 bytes).
    Removing stm32f7xx_hal_tim.o(i.HAL_TIM_IC_DeInit), (70 bytes).
    Removing stm32f7xx_hal_tim.o(i.HAL_TIM_IC_GetState), (8 bytes).
    Removing stm32f7xx_hal_tim.o(i.HAL_TIM_IC_Init), (52 bytes).
    Removing stm32f7xx_hal_tim.o(i.HAL_TIM_IC_MspDeInit), (2 bytes).
    Removing stm32f7xx_hal_tim.o(i.HAL_TIM_IC_MspInit), (2 bytes).
    Removing stm32f7xx_hal_tim.o(i.HAL_TIM_IC_Start), (32 bytes).
    Removing stm32f7xx_hal_tim.o(i.HAL_TIM_IC_Start_DMA), (268 bytes).
    Removing stm32f7xx_hal_tim.o(i.HAL_TIM_IC_Start_IT), (108 bytes).
    Removing stm32f7xx_hal_tim.o(i.HAL_TIM_IC_Stop), (58 bytes).
    Removing stm32f7xx_hal_tim.o(i.HAL_TIM_IC_Stop_DMA), (140 bytes).
    Removing stm32f7xx_hal_tim.o(i.HAL_TIM_IC_Stop_IT), (134 bytes).
    Removing stm32f7xx_hal_tim.o(i.HAL_TIM_IRQHandler), (440 bytes).
    Removing stm32f7xx_hal_tim.o(i.HAL_TIM_OC_ConfigChannel), (116 bytes).
    Removing stm32f7xx_hal_tim.o(i.HAL_TIM_OC_DeInit), (70 bytes).
    Removing stm32f7xx_hal_tim.o(i.HAL_TIM_OC_DelayElapsedCallback), (2 bytes).
    Removing stm32f7xx_hal_tim.o(i.HAL_TIM_OC_GetState), (8 bytes).
    Removing stm32f7xx_hal_tim.o(i.HAL_TIM_OC_Init), (52 bytes).
    Removing stm32f7xx_hal_tim.o(i.HAL_TIM_OC_MspDeInit), (2 bytes).
    Removing stm32f7xx_hal_tim.o(i.HAL_TIM_OC_MspInit), (2 bytes).
    Removing stm32f7xx_hal_tim.o(i.HAL_TIM_OC_Start), (76 bytes).
    Removing stm32f7xx_hal_tim.o(i.HAL_TIM_OC_Start_DMA), (312 bytes).
    Removing stm32f7xx_hal_tim.o(i.HAL_TIM_OC_Start_IT), (152 bytes).
    Removing stm32f7xx_hal_tim.o(i.HAL_TIM_OC_Stop), (128 bytes).
    Removing stm32f7xx_hal_tim.o(i.HAL_TIM_OC_Stop_DMA), (212 bytes).
    Removing stm32f7xx_hal_tim.o(i.HAL_TIM_OC_Stop_IT), (204 bytes).
    Removing stm32f7xx_hal_tim.o(i.HAL_TIM_OnePulse_ConfigChannel), (292 bytes).
    Removing stm32f7xx_hal_tim.o(i.HAL_TIM_OnePulse_DeInit), (70 bytes).
    Removing stm32f7xx_hal_tim.o(i.HAL_TIM_OnePulse_GetState), (8 bytes).
    Removing stm32f7xx_hal_tim.o(i.HAL_TIM_OnePulse_Init), (76 bytes).
    Removing stm32f7xx_hal_tim.o(i.HAL_TIM_OnePulse_MspDeInit), (2 bytes).
    Removing stm32f7xx_hal_tim.o(i.HAL_TIM_OnePulse_MspInit), (2 bytes).
    Removing stm32f7xx_hal_tim.o(i.HAL_TIM_OnePulse_Start), (76 bytes).
    Removing stm32f7xx_hal_tim.o(i.HAL_TIM_OnePulse_Start_IT), (100 bytes).
    Removing stm32f7xx_hal_tim.o(i.HAL_TIM_OnePulse_Stop), (140 bytes).
    Removing stm32f7xx_hal_tim.o(i.HAL_TIM_OnePulse_Stop_IT), (164 bytes).
    Removing stm32f7xx_hal_tim.o(i.HAL_TIM_PWM_ConfigChannel), (264 bytes).
    Removing stm32f7xx_hal_tim.o(i.HAL_TIM_PWM_DeInit), (70 bytes).
    Removing stm32f7xx_hal_tim.o(i.HAL_TIM_PWM_GetState), (8 bytes).
    Removing stm32f7xx_hal_tim.o(i.HAL_TIM_PWM_Init), (52 bytes).
    Removing stm32f7xx_hal_tim.o(i.HAL_TIM_PWM_MspDeInit), (2 bytes).
    Removing stm32f7xx_hal_tim.o(i.HAL_TIM_PWM_MspInit), (2 bytes).
    Removing stm32f7xx_hal_tim.o(i.HAL_TIM_PWM_PulseFinishedCallback), (2 bytes).
    Removing stm32f7xx_hal_tim.o(i.HAL_TIM_PWM_Start), (76 bytes).
    Removing stm32f7xx_hal_tim.o(i.HAL_TIM_PWM_Start_DMA), (312 bytes).
    Removing stm32f7xx_hal_tim.o(i.HAL_TIM_PWM_Start_IT), (152 bytes).
    Removing stm32f7xx_hal_tim.o(i.HAL_TIM_PWM_Stop), (136 bytes).
    Removing stm32f7xx_hal_tim.o(i.HAL_TIM_PWM_Stop_DMA), (212 bytes).
    Removing stm32f7xx_hal_tim.o(i.HAL_TIM_PWM_Stop_IT), (204 bytes).
    Removing stm32f7xx_hal_tim.o(i.HAL_TIM_PeriodElapsedCallback), (2 bytes).
    Removing stm32f7xx_hal_tim.o(i.HAL_TIM_ReadCapturedValue), (84 bytes).
    Removing stm32f7xx_hal_tim.o(i.HAL_TIM_SlaveConfigSynchronization), (216 bytes).
    Removing stm32f7xx_hal_tim.o(i.HAL_TIM_SlaveConfigSynchronization_IT), (86 bytes).
    Removing stm32f7xx_hal_tim.o(i.HAL_TIM_TriggerCallback), (2 bytes).
    Removing stm32f7xx_hal_tim.o(i.TIM_CCxChannelCmd), (28 bytes).
    Removing stm32f7xx_hal_tim.o(i.TIM_DMACaptureCplt), (70 bytes).
    Removing stm32f7xx_hal_tim.o(i.TIM_DMADelayPulseCplt), (70 bytes).
    Removing stm32f7xx_hal_tim.o(i.TIM_DMAError), (20 bytes).
    Removing stm32f7xx_hal_tim.o(i.TIM_DMAPeriodElapsedCplt), (20 bytes).
    Removing stm32f7xx_hal_tim.o(i.TIM_DMATriggerCplt), (20 bytes).
    Removing stm32f7xx_hal_tim.o(i.TIM_ETR_SetConfig), (24 bytes).
    Removing stm32f7xx_hal_tim.o(i.TIM_ITRx_SetConfig), (20 bytes).
    Removing stm32f7xx_hal_tim.o(i.TIM_OC1_SetConfig), (116 bytes).
    Removing stm32f7xx_hal_tim.o(i.TIM_OC2_SetConfig), (124 bytes).
    Removing stm32f7xx_hal_tim.o(i.TIM_OC3_SetConfig), (124 bytes).
    Removing stm32f7xx_hal_tim.o(i.TIM_OC4_SetConfig), (100 bytes).
    Removing stm32f7xx_hal_tim.o(i.TIM_SlaveTimer_SetConfig), (168 bytes).
    Removing stm32f7xx_hal_tim.o(i.TIM_TI1_ConfigInputStage), (42 bytes).
    Removing stm32f7xx_hal_tim.o(i.TIM_TI1_SetConfig), (148 bytes).
    Removing stm32f7xx_hal_tim.o(i.TIM_TI2_ConfigInputStage), (44 bytes).
    Removing stm32f7xx_hal_tim.o(i.TIM_TI2_SetConfig), (62 bytes).
    Removing stm32f7xx_hal_tim.o(i.TIM_TI3_SetConfig), (60 bytes).
    Removing stm32f7xx_hal_tim.o(i.TIM_TI4_SetConfig), (64 bytes).
    Removing stm32f7xx_hal_tim_ex.o(.rev16_text), (4 bytes).
    Removing stm32f7xx_hal_tim_ex.o(.revsh_text), (4 bytes).
    Removing stm32f7xx_hal_tim_ex.o(.rrx_text), (6 bytes).
    Removing stm32f7xx_hal_tim_ex.o(i.HAL_TIMEx_BreakCallback), (2 bytes).
    Removing stm32f7xx_hal_tim_ex.o(i.HAL_TIMEx_CommutationCallback), (2 bytes).
    Removing stm32f7xx_hal_tim_ex.o(i.HAL_TIMEx_ConfigBreakDeadTime), (104 bytes).
    Removing stm32f7xx_hal_tim_ex.o(i.HAL_TIMEx_ConfigCommutationEvent), (110 bytes).
    Removing stm32f7xx_hal_tim_ex.o(i.HAL_TIMEx_ConfigCommutationEvent_DMA), (144 bytes).
    Removing stm32f7xx_hal_tim_ex.o(i.HAL_TIMEx_ConfigCommutationEvent_IT), (122 bytes).
    Removing stm32f7xx_hal_tim_ex.o(i.HAL_TIMEx_GroupChannel5), (72 bytes).
    Removing stm32f7xx_hal_tim_ex.o(i.HAL_TIMEx_HallSensor_DeInit), (70 bytes).
    Removing stm32f7xx_hal_tim_ex.o(i.HAL_TIMEx_HallSensor_GetState), (8 bytes).
    Removing stm32f7xx_hal_tim_ex.o(i.HAL_TIMEx_HallSensor_Init), (200 bytes).
    Removing stm32f7xx_hal_tim_ex.o(i.HAL_TIMEx_HallSensor_MspDeInit), (2 bytes).
    Removing stm32f7xx_hal_tim_ex.o(i.HAL_TIMEx_HallSensor_MspInit), (2 bytes).
    Removing stm32f7xx_hal_tim_ex.o(i.HAL_TIMEx_HallSensor_Start), (30 bytes).
    Removing stm32f7xx_hal_tim_ex.o(i.HAL_TIMEx_HallSensor_Start_DMA), (116 bytes).
    Removing stm32f7xx_hal_tim_ex.o(i.HAL_TIMEx_HallSensor_Start_IT), (42 bytes).
    Removing stm32f7xx_hal_tim_ex.o(i.HAL_TIMEx_HallSensor_Stop), (56 bytes).
    Removing stm32f7xx_hal_tim_ex.o(i.HAL_TIMEx_HallSensor_Stop_DMA), (68 bytes).
    Removing stm32f7xx_hal_tim_ex.o(i.HAL_TIMEx_HallSensor_Stop_IT), (68 bytes).
    Removing stm32f7xx_hal_tim_ex.o(i.HAL_TIMEx_MasterConfigSynchronization), (108 bytes).
    Removing stm32f7xx_hal_tim_ex.o(i.HAL_TIMEx_OCN_Start), (44 bytes).
    Removing stm32f7xx_hal_tim_ex.o(i.HAL_TIMEx_OCN_Start_DMA), (280 bytes).
    Removing stm32f7xx_hal_tim_ex.o(i.HAL_TIMEx_OCN_Start_IT), (132 bytes).
    Removing stm32f7xx_hal_tim_ex.o(i.HAL_TIMEx_OCN_Stop), (96 bytes).
    Removing stm32f7xx_hal_tim_ex.o(i.HAL_TIMEx_OCN_Stop_DMA), (178 bytes).
    Removing stm32f7xx_hal_tim_ex.o(i.HAL_TIMEx_OCN_Stop_IT), (198 bytes).
    Removing stm32f7xx_hal_tim_ex.o(i.HAL_TIMEx_OnePulseN_Start), (32 bytes).
    Removing stm32f7xx_hal_tim_ex.o(i.HAL_TIMEx_OnePulseN_Start_IT), (56 bytes).
    Removing stm32f7xx_hal_tim_ex.o(i.HAL_TIMEx_OnePulseN_Stop), (96 bytes).
    Removing stm32f7xx_hal_tim_ex.o(i.HAL_TIMEx_OnePulseN_Stop_IT), (120 bytes).
    Removing stm32f7xx_hal_tim_ex.o(i.HAL_TIMEx_PWMN_Start), (44 bytes).
    Removing stm32f7xx_hal_tim_ex.o(i.HAL_TIMEx_PWMN_Start_DMA), (280 bytes).
    Removing stm32f7xx_hal_tim_ex.o(i.HAL_TIMEx_PWMN_Start_IT), (132 bytes).
    Removing stm32f7xx_hal_tim_ex.o(i.HAL_TIMEx_PWMN_Stop), (96 bytes).
    Removing stm32f7xx_hal_tim_ex.o(i.HAL_TIMEx_PWMN_Stop_DMA), (178 bytes).
    Removing stm32f7xx_hal_tim_ex.o(i.HAL_TIMEx_PWMN_Stop_IT), (198 bytes).
    Removing stm32f7xx_hal_tim_ex.o(i.HAL_TIMEx_RemapConfig), (48 bytes).
    Removing stm32f7xx_hal_tim_ex.o(i.HAL_TIM_ConfigOCrefClear), (346 bytes).
    Removing stm32f7xx_hal_tim_ex.o(i.HAL_TIM_OC_ConfigChannel), (148 bytes).
    Removing stm32f7xx_hal_tim_ex.o(i.HAL_TIM_PWM_ConfigChannel), (372 bytes).
    Removing stm32f7xx_hal_tim_ex.o(i.TIMEx_DMACommutationCplt), (20 bytes).
    Removing stm32f7xx_hal_tim_ex.o(i.TIM_CCxNChannelCmd), (28 bytes).
    Removing stm32f7xx_hal_tim_ex.o(i.TIM_OC5_SetConfig), (88 bytes).
    Removing stm32f7xx_hal_tim_ex.o(i.TIM_OC6_SetConfig), (88 bytes).
    Removing stm32f7xx_hal_dma.o(.rev16_text), (4 bytes).
    Removing stm32f7xx_hal_dma.o(.revsh_text), (4 bytes).
    Removing stm32f7xx_hal_dma.o(.rrx_text), (6 bytes).
    Removing stm32f7xx_hal_dma.o(i.HAL_DMA_Abort), (94 bytes).
    Removing stm32f7xx_hal_dma.o(i.HAL_DMA_DeInit), (100 bytes).
    Removing stm32f7xx_hal_dma.o(i.HAL_DMA_GetError), (6 bytes).
    Removing stm32f7xx_hal_dma.o(i.HAL_DMA_GetState), (8 bytes).
    Removing stm32f7xx_hal_dma.o(i.HAL_DMA_PollForTransfer), (404 bytes).
    Removing stm32f7xx_hal_dma.o(i.HAL_DMA_Start), (82 bytes).
    Removing stm32f7xx_hal_dma_ex.o(.rev16_text), (4 bytes).
    Removing stm32f7xx_hal_dma_ex.o(.revsh_text), (4 bytes).
    Removing stm32f7xx_hal_dma_ex.o(.rrx_text), (6 bytes).
    Removing stm32f7xx_hal_dma_ex.o(i.DMA_MultiBufferSetConfig), (32 bytes).
    Removing stm32f7xx_hal_dma_ex.o(i.HAL_DMAEx_ChangeMemory), (18 bytes).
    Removing stm32f7xx_hal_dma_ex.o(i.HAL_DMAEx_MultiBufferStart), (130 bytes).
    Removing stm32f7xx_hal_dma_ex.o(i.HAL_DMAEx_MultiBufferStart_IT), (190 bytes).
    Removing stm32f7xx_hal_cortex.o(.rev16_text), (4 bytes).
    Removing stm32f7xx_hal_cortex.o(.revsh_text), (4 bytes).
    Removing stm32f7xx_hal_cortex.o(.rrx_text), (6 bytes).
    Removing stm32f7xx_hal_cortex.o(i.HAL_MPU_ConfigRegion), (92 bytes).
    Removing stm32f7xx_hal_cortex.o(i.HAL_NVIC_ClearPendingIRQ), (28 bytes).
    Removing stm32f7xx_hal_cortex.o(i.HAL_NVIC_DisableIRQ), (28 bytes).
    Removing stm32f7xx_hal_cortex.o(i.HAL_NVIC_GetActive), (40 bytes).
    Removing stm32f7xx_hal_cortex.o(i.HAL_NVIC_GetPendingIRQ), (40 bytes).
    Removing stm32f7xx_hal_cortex.o(i.HAL_NVIC_GetPriority), (148 bytes).
    Removing stm32f7xx_hal_cortex.o(i.HAL_NVIC_GetPriorityGrouping), (8 bytes).
    Removing stm32f7xx_hal_cortex.o(i.HAL_NVIC_SetPendingIRQ), (28 bytes).
    Removing stm32f7xx_hal_cortex.o(i.HAL_NVIC_SystemReset), (68 bytes).
    Removing stm32f7xx_hal_cortex.o(i.HAL_SYSTICK_CLKSourceConfig), (40 bytes).
    Removing stm32f7xx_hal_cortex.o(i.HAL_SYSTICK_Callback), (10 bytes).
    Removing stm32f7xx_hal_cortex.o(i.HAL_SYSTICK_IRQHandler), (8 bytes).

368 unused section(s) (total 30163 bytes) removed from the image.

==============================================================================

Image Symbol Table

    Local Symbols

    Symbol Name                              Value     Ov Type        Size  Object(Section)

    ../clib/angel/boardlib.s                 0x00000000   Number         0  boardinit3.o ABSOLUTE
    ../clib/angel/boardlib.s                 0x00000000   Number         0  boardinit1.o ABSOLUTE
    ../clib/angel/boardlib.s                 0x00000000   Number         0  boardinit2.o ABSOLUTE
    ../clib/angel/boardlib.s                 0x00000000   Number         0  boardshut.o ABSOLUTE
    ../clib/angel/handlers.s                 0x00000000   Number         0  __scatter_copy.o ABSOLUTE
    ../clib/angel/handlers.s                 0x00000000   Number         0  __scatter_zi.o ABSOLUTE
    ../clib/angel/kernel.s                   0x00000000   Number         0  rtexit2.o ABSOLUTE
    ../clib/angel/kernel.s                   0x00000000   Number         0  __rtentry.o ABSOLUTE
    ../clib/angel/kernel.s                   0x00000000   Number         0  rtexit.o ABSOLUTE
    ../clib/angel/kernel.s                   0x00000000   Number         0  __rtentry2.o ABSOLUTE
    ../clib/angel/kernel.s                   0x00000000   Number         0  __rtentry4.o ABSOLUTE
    ../clib/angel/rt.s                       0x00000000   Number         0  rt_raise.o ABSOLUTE
    ../clib/angel/scatter.s                  0x00000000   Number         0  __scatter.o ABSOLUTE
    ../clib/angel/startup.s                  0x00000000   Number         0  __main.o ABSOLUTE
    ../clib/angel/sys.s                      0x00000000   Number         0  use_no_semi.o ABSOLUTE
    ../clib/angel/sys.s                      0x00000000   Number         0  indicate_semi.o ABSOLUTE
    ../clib/angel/sys.s                      0x00000000   Number         0  libspace.o ABSOLUTE
    ../clib/angel/sys.s                      0x00000000   Number         0  sys_stackheap_outer.o ABSOLUTE
    ../clib/angel/sysapp.c                   0x00000000   Number         0  sys_exit.o ABSOLUTE
    ../clib/angel/sysapp.c                   0x00000000   Number         0  sys_command.o ABSOLUTE
    ../clib/angel/sysapp.c                   0x00000000   Number         0  sys_wrch.o ABSOLUTE
    ../clib/armsys.c                         0x00000000   Number         0  argv_veneer.o ABSOLUTE
    ../clib/armsys.c                         0x00000000   Number         0  argv_veneer.o ABSOLUTE
    ../clib/armsys.c                         0x00000000   Number         0  no_argv.o ABSOLUTE
    ../clib/armsys.c                         0x00000000   Number         0  _get_argv_nomalloc.o ABSOLUTE
    ../clib/heapalloc.c                      0x00000000   Number         0  hrguard.o ABSOLUTE
    ../clib/heapaux.c                        0x00000000   Number         0  heapauxi.o ABSOLUTE
    ../clib/libinit.s                        0x00000000   Number         0  libshutdown.o ABSOLUTE
    ../clib/libinit.s                        0x00000000   Number         0  libinit.o ABSOLUTE
    ../clib/libinit.s                        0x00000000   Number         0  libshutdown2.o ABSOLUTE
    ../clib/libinit.s                        0x00000000   Number         0  libinit2.o ABSOLUTE
    ../clib/printf.c                         0x00000000   Number         0  __2sprintf.o ABSOLUTE
    ../clib/printf.c                         0x00000000   Number         0  noretval__2sprintf.o ABSOLUTE
    ../clib/printf.c                         0x00000000   Number         0  __printf.o ABSOLUTE
    ../clib/printf.c                         0x00000000   Number         0  __printf_flags.o ABSOLUTE
    ../clib/printf.c                         0x00000000   Number         0  __printf_ss.o ABSOLUTE
    ../clib/printf.c                         0x00000000   Number         0  __printf_flags_ss_wp.o ABSOLUTE
    ../clib/printf.c                         0x00000000   Number         0  __printf_flags_ss.o ABSOLUTE
    ../clib/printf.c                         0x00000000   Number         0  __printf_ss_wp.o ABSOLUTE
    ../clib/printf.c                         0x00000000   Number         0  _printf_dec.o ABSOLUTE
    ../clib/printf.c                         0x00000000   Number         0  _sputc.o ABSOLUTE
    ../clib/printf.c                         0x00000000   Number         0  _printf_char_common.o ABSOLUTE
    ../clib/printf.c                         0x00000000   Number         0  _printf_intcommon.o ABSOLUTE
    ../clib/printf.c                         0x00000000   Number         0  __printf_flags_wp.o ABSOLUTE
    ../clib/printf.c                         0x00000000   Number         0  __printf_nopercent.o ABSOLUTE
    ../clib/printf.c                         0x00000000   Number         0  __printf_wp.o ABSOLUTE
    ../clib/printf_percent.s                 0x00000000   Number         0  _printf_percent_end.o ABSOLUTE
    ../clib/printf_percent.s                 0x00000000   Number         0  _printf_percent.o ABSOLUTE
    ../clib/printf_percent.s                 0x00000000   Number         0  _printf_d.o ABSOLUTE
    ../clib/signal.c                         0x00000000   Number         0  defsig_general.o ABSOLUTE
    ../clib/signal.c                         0x00000000   Number         0  defsig_other.o ABSOLUTE
    ../clib/signal.c                         0x00000000   Number         0  __raise.o ABSOLUTE
    ../clib/signal.c                         0x00000000   Number         0  defsig_exit.o ABSOLUTE
    ../clib/signal.c                         0x00000000   Number         0  defsig_segv_inner.o ABSOLUTE
    ../clib/signal.c                         0x00000000   Number         0  defsig_cppl_inner.o ABSOLUTE
    ../clib/signal.c                         0x00000000   Number         0  defsig_pvfn_inner.o ABSOLUTE
    ../clib/signal.c                         0x00000000   Number         0  defsig_stak_inner.o ABSOLUTE
    ../clib/signal.c                         0x00000000   Number         0  defsig_rtred_inner.o ABSOLUTE
    ../clib/signal.c                         0x00000000   Number         0  defsig_fpe_inner.o ABSOLUTE
    ../clib/signal.c                         0x00000000   Number         0  defsig_abrt_inner.o ABSOLUTE
    ../clib/signal.c                         0x00000000   Number         0  defsig_rtmem_formal.o ABSOLUTE
    ../clib/signal.c                         0x00000000   Number         0  defsig_rtmem_outer.o ABSOLUTE
    ../clib/signal.c                         0x00000000   Number         0  defsig_rtmem_inner.o ABSOLUTE
    ../clib/signal.s                         0x00000000   Number         0  defsig.o ABSOLUTE
    ../clib/stdlib.c                         0x00000000   Number         0  exit.o ABSOLUTE
    ../fplib/fpinit.s                        0x00000000   Number         0  fpinit.o ABSOLUTE
    dc.s                                     0x00000000   Number         0  dc.o ABSOLUTE
    hal_lib\Src\stm32f7xx_hal.c              0x00000000   Number         0  stm32f7xx_hal.o ABSOLUTE
    hal_lib\Src\stm32f7xx_hal_cortex.c       0x00000000   Number         0  stm32f7xx_hal_cortex.o ABSOLUTE
    hal_lib\Src\stm32f7xx_hal_dma.c          0x00000000   Number         0  stm32f7xx_hal_dma.o ABSOLUTE
    hal_lib\Src\stm32f7xx_hal_dma_ex.c       0x00000000   Number         0  stm32f7xx_hal_dma_ex.o ABSOLUTE
    hal_lib\Src\stm32f7xx_hal_gpio.c         0x00000000   Number         0  stm32f7xx_hal_gpio.o ABSOLUTE
    hal_lib\Src\stm32f7xx_hal_pwr.c          0x00000000   Number         0  stm32f7xx_hal_pwr.o ABSOLUTE
    hal_lib\Src\stm32f7xx_hal_pwr_ex.c       0x00000000   Number         0  stm32f7xx_hal_pwr_ex.o ABSOLUTE
    hal_lib\Src\stm32f7xx_hal_rcc.c          0x00000000   Number         0  stm32f7xx_hal_rcc.o ABSOLUTE
    hal_lib\Src\stm32f7xx_hal_rcc_ex.c       0x00000000   Number         0  stm32f7xx_hal_rcc_ex.o ABSOLUTE
    hal_lib\Src\stm32f7xx_hal_tim.c          0x00000000   Number         0  stm32f7xx_hal_tim.o ABSOLUTE
    hal_lib\Src\stm32f7xx_hal_tim_ex.c       0x00000000   Number         0  stm32f7xx_hal_tim_ex.o ABSOLUTE
    hal_lib\Src\stm32f7xx_hal_uart.c         0x00000000   Number         0  stm32f7xx_hal_uart.o ABSOLUTE
    hal_lib\Src\stm32f7xx_hal_usart.c        0x00000000   Number         0  stm32f7xx_hal_usart.o ABSOLUTE
    hal_lib\\Src\\stm32f7xx_hal.c            0x00000000   Number         0  stm32f7xx_hal.o ABSOLUTE
    hal_lib\\Src\\stm32f7xx_hal_cortex.c     0x00000000   Number         0  stm32f7xx_hal_cortex.o ABSOLUTE
    hal_lib\\Src\\stm32f7xx_hal_dma.c        0x00000000   Number         0  stm32f7xx_hal_dma.o ABSOLUTE
    hal_lib\\Src\\stm32f7xx_hal_dma_ex.c     0x00000000   Number         0  stm32f7xx_hal_dma_ex.o ABSOLUTE
    hal_lib\\Src\\stm32f7xx_hal_gpio.c       0x00000000   Number         0  stm32f7xx_hal_gpio.o ABSOLUTE
    hal_lib\\Src\\stm32f7xx_hal_pwr.c        0x00000000   Number         0  stm32f7xx_hal_pwr.o ABSOLUTE
    hal_lib\\Src\\stm32f7xx_hal_pwr_ex.c     0x00000000   Number         0  stm32f7xx_hal_pwr_ex.o ABSOLUTE
    hal_lib\\Src\\stm32f7xx_hal_rcc.c        0x00000000   Number         0  stm32f7xx_hal_rcc.o ABSOLUTE
    hal_lib\\Src\\stm32f7xx_hal_rcc_ex.c     0x00000000   Number         0  stm32f7xx_hal_rcc_ex.o ABSOLUTE
    hal_lib\\Src\\stm32f7xx_hal_tim.c        0x00000000   Number         0  stm32f7xx_hal_tim.o ABSOLUTE
    hal_lib\\Src\\stm32f7xx_hal_tim_ex.c     0x00000000   Number         0  stm32f7xx_hal_tim_ex.o ABSOLUTE
    hal_lib\\Src\\stm32f7xx_hal_uart.c       0x00000000   Number         0  stm32f7xx_hal_uart.o ABSOLUTE
    hal_lib\\Src\\stm32f7xx_hal_usart.c      0x00000000   Number         0  stm32f7xx_hal_usart.o ABSOLUTE
    lib\\stm32f7xx_it.c                      0x00000000   Number         0  stm32f7xx_it.o ABSOLUTE
    lib\\system_stm32f7xx.c                  0x00000000   Number         0  system_stm32f7xx.o ABSOLUTE
    lib\startup_stm32f746xx.s                0x00000000   Number         0  startup_stm32f746xx.o ABSOLUTE
    lib\stm32f7xx_it.c                       0x00000000   Number         0  stm32f7xx_it.o ABSOLUTE
    lib\system_stm32f7xx.c                   0x00000000   Number         0  system_stm32f7xx.o ABSOLUTE
    src\\error.c                             0x00000000   Number         0  error.o ABSOLUTE
    src\\init.c                              0x00000000   Number         0  init.o ABSOLUTE
    src\\main.c                              0x00000000   Number         0  main.o ABSOLUTE
    src\\timer.c                             0x00000000   Number         0  timer.o ABSOLUTE
    src\\uart.c                              0x00000000   Number         0  uart.o ABSOLUTE
    src\\ws2812driver.c                      0x00000000   Number         0  ws2812driver.o ABSOLUTE
    src\error.c                              0x00000000   Number         0  error.o ABSOLUTE
    src\init.c                               0x00000000   Number         0  init.o ABSOLUTE
    src\itoa.c                               0x00000000   Number         0  itoa.o ABSOLUTE
    src\main.c                               0x00000000   Number         0  main.o ABSOLUTE
    src\timer.c                              0x00000000   Number         0  timer.o ABSOLUTE
    src\uart.c                               0x00000000   Number         0  uart.o ABSOLUTE
    src\ws2812driver.c                       0x00000000   Number         0  ws2812driver.o ABSOLUTE
    RESET                                    0x08000000   Section      456  startup_stm32f746xx.o(RESET)
    !!!main                                  0x080001c8   Section        8  __main.o(!!!main)
    !!!scatter                               0x080001d0   Section       52  __scatter.o(!!!scatter)
    !!handler_copy                           0x08000204   Section       26  __scatter_copy.o(!!handler_copy)
    !!handler_zi                             0x08000220   Section       28  __scatter_zi.o(!!handler_zi)
    .ARM.Collect$$_printf_percent$$00000000  0x0800023c   Section        0  _printf_percent.o(.ARM.Collect$$_printf_percent$$00000000)
    .ARM.Collect$$_printf_percent$$00000009  0x0800023c   Section        6  _printf_d.o(.ARM.Collect$$_printf_percent$$00000009)
    .ARM.Collect$$_printf_percent$$00000017  0x08000242   Section        4  _printf_percent_end.o(.ARM.Collect$$_printf_percent$$00000017)
    .ARM.Collect$$libinit$$00000000          0x08000246   Section        2  libinit.o(.ARM.Collect$$libinit$$00000000)
    .ARM.Collect$$libinit$$00000001          0x08000248   Section        4  libinit2.o(.ARM.Collect$$libinit$$00000001)
    .ARM.Collect$$libinit$$00000004          0x0800024c   Section        0  libinit2.o(.ARM.Collect$$libinit$$00000004)
    .ARM.Collect$$libinit$$0000000A          0x0800024c   Section        0  libinit2.o(.ARM.Collect$$libinit$$0000000A)
    .ARM.Collect$$libinit$$0000000C          0x0800024c   Section        0  libinit2.o(.ARM.Collect$$libinit$$0000000C)
    .ARM.Collect$$libinit$$0000000E          0x0800024c   Section        0  libinit2.o(.ARM.Collect$$libinit$$0000000E)
    .ARM.Collect$$libinit$$00000011          0x0800024c   Section        0  libinit2.o(.ARM.Collect$$libinit$$00000011)
    .ARM.Collect$$libinit$$00000013          0x0800024c   Section        0  libinit2.o(.ARM.Collect$$libinit$$00000013)
    .ARM.Collect$$libinit$$00000015          0x0800024c   Section        0  libinit2.o(.ARM.Collect$$libinit$$00000015)
    .ARM.Collect$$libinit$$00000017          0x0800024c   Section        0  libinit2.o(.ARM.Collect$$libinit$$00000017)
    .ARM.Collect$$libinit$$00000019          0x0800024c   Section        0  libinit2.o(.ARM.Collect$$libinit$$00000019)
    .ARM.Collect$$libinit$$0000001B          0x0800024c   Section        0  libinit2.o(.ARM.Collect$$libinit$$0000001B)
    .ARM.Collect$$libinit$$0000001D          0x0800024c   Section        0  libinit2.o(.ARM.Collect$$libinit$$0000001D)
    .ARM.Collect$$libinit$$0000001F          0x0800024c   Section        0  libinit2.o(.ARM.Collect$$libinit$$0000001F)
    .ARM.Collect$$libinit$$00000021          0x0800024c   Section        0  libinit2.o(.ARM.Collect$$libinit$$00000021)
    .ARM.Collect$$libinit$$00000023          0x0800024c   Section        0  libinit2.o(.ARM.Collect$$libinit$$00000023)
    .ARM.Collect$$libinit$$00000025          0x0800024c   Section        0  libinit2.o(.ARM.Collect$$libinit$$00000025)
    .ARM.Collect$$libinit$$0000002C          0x0800024c   Section        0  libinit2.o(.ARM.Collect$$libinit$$0000002C)
    .ARM.Collect$$libinit$$0000002E          0x0800024c   Section        0  libinit2.o(.ARM.Collect$$libinit$$0000002E)
    .ARM.Collect$$libinit$$00000030          0x0800024c   Section        0  libinit2.o(.ARM.Collect$$libinit$$00000030)
    .ARM.Collect$$libinit$$00000032          0x0800024c   Section        0  libinit2.o(.ARM.Collect$$libinit$$00000032)
    .ARM.Collect$$libinit$$00000033          0x0800024c   Section        2  libinit2.o(.ARM.Collect$$libinit$$00000033)
    .ARM.Collect$$libshutdown$$00000000      0x0800024e   Section        2  libshutdown.o(.ARM.Collect$$libshutdown$$00000000)
    .ARM.Collect$$libshutdown$$00000003      0x08000250   Section        0  libshutdown2.o(.ARM.Collect$$libshutdown$$00000003)
    .ARM.Collect$$libshutdown$$00000006      0x08000250   Section        0  libshutdown2.o(.ARM.Collect$$libshutdown$$00000006)
    .ARM.Collect$$libshutdown$$00000009      0x08000250   Section        0  libshutdown2.o(.ARM.Collect$$libshutdown$$00000009)
    .ARM.Collect$$libshutdown$$0000000B      0x08000250   Section        0  libshutdown2.o(.ARM.Collect$$libshutdown$$0000000B)
    .ARM.Collect$$libshutdown$$0000000E      0x08000250   Section        0  libshutdown2.o(.ARM.Collect$$libshutdown$$0000000E)
    .ARM.Collect$$libshutdown$$0000000F      0x08000250   Section        2  libshutdown2.o(.ARM.Collect$$libshutdown$$0000000F)
    .ARM.Collect$$rtentry$$00000000          0x08000252   Section        0  __rtentry.o(.ARM.Collect$$rtentry$$00000000)
    .ARM.Collect$$rtentry$$00000002          0x08000252   Section        0  __rtentry2.o(.ARM.Collect$$rtentry$$00000002)
    .ARM.Collect$$rtentry$$00000004          0x08000252   Section        6  __rtentry4.o(.ARM.Collect$$rtentry$$00000004)
    .ARM.Collect$$rtentry$$00000009          0x08000258   Section        0  __rtentry2.o(.ARM.Collect$$rtentry$$00000009)
    .ARM.Collect$$rtentry$$0000000A          0x08000258   Section        4  __rtentry2.o(.ARM.Collect$$rtentry$$0000000A)
    .ARM.Collect$$rtentry$$0000000C          0x0800025c   Section        0  __rtentry2.o(.ARM.Collect$$rtentry$$0000000C)
    .ARM.Collect$$rtentry$$0000000D          0x0800025c   Section        8  __rtentry2.o(.ARM.Collect$$rtentry$$0000000D)
    .ARM.Collect$$rtexit$$00000000           0x08000264   Section        2  rtexit.o(.ARM.Collect$$rtexit$$00000000)
    .ARM.Collect$$rtexit$$00000002           0x08000266   Section        0  rtexit2.o(.ARM.Collect$$rtexit$$00000002)
    .ARM.Collect$$rtexit$$00000003           0x08000266   Section        4  rtexit2.o(.ARM.Collect$$rtexit$$00000003)
    .ARM.Collect$$rtexit$$00000004           0x0800026a   Section        6  rtexit2.o(.ARM.Collect$$rtexit$$00000004)
    .text                                    0x08000270   Section       64  startup_stm32f746xx.o(.text)
    $v0                                      0x08000270   Number         0  startup_stm32f746xx.o(.text)
    .text                                    0x080002b0   Section        0  noretval__2sprintf.o(.text)
    .text                                    0x080002d8   Section        0  __printf.o(.text)
    .text                                    0x08000340   Section        0  _printf_dec.o(.text)
    .text                                    0x080003b8   Section        0  heapauxi.o(.text)
    .text                                    0x080003be   Section        0  _printf_intcommon.o(.text)
    .text                                    0x08000470   Section        0  _printf_char_common.o(.text)
    _printf_input_char                       0x08000471   Thumb Code    10  _printf_char_common.o(.text)
    .text                                    0x080004a0   Section        0  _sputc.o(.text)
    .text                                    0x080004aa   Section       74  sys_stackheap_outer.o(.text)
    .text                                    0x080004f4   Section        0  exit.o(.text)
    .text                                    0x08000500   Section        8  libspace.o(.text)
    .text                                    0x08000508   Section        0  sys_exit.o(.text)
    .text                                    0x08000514   Section        2  use_no_semi.o(.text)
    .text                                    0x08000516   Section        0  indicate_semi.o(.text)
    i.BusFault_Handler                       0x08000518   Section        0  stm32f7xx_it.o(i.BusFault_Handler)
    i.DMA2_Stream6_IRQHandler                0x08000544   Section        0  uart.o(i.DMA2_Stream6_IRQHandler)
    i.DMA_CalcBaseAndBitshift                0x08000554   Section        0  stm32f7xx_hal_dma.o(i.DMA_CalcBaseAndBitshift)
    DMA_CalcBaseAndBitshift                  0x08000555   Thumb Code    46  stm32f7xx_hal_dma.o(i.DMA_CalcBaseAndBitshift)
    i.DMA_SetConfig                          0x08000588   Section        0  stm32f7xx_hal_dma.o(i.DMA_SetConfig)
    DMA_SetConfig                            0x08000589   Thumb Code    44  stm32f7xx_hal_dma.o(i.DMA_SetConfig)
    i.DebugMon_Handler                       0x080005b4   Section        0  stm32f7xx_it.o(i.DebugMon_Handler)
    i.HAL_DMA_IRQHandler                     0x080005b8   Section        0  stm32f7xx_hal_dma.o(i.HAL_DMA_IRQHandler)
    i.HAL_DMA_Init                           0x080007d0   Section        0  stm32f7xx_hal_dma.o(i.HAL_DMA_Init)
    i.HAL_DMA_Start_IT                       0x08000854   Section        0  stm32f7xx_hal_dma.o(i.HAL_DMA_Start_IT)
    i.HAL_Delay                              0x080008be   Section        0  stm32f7xx_hal.o(i.HAL_Delay)
    i.HAL_GPIO_Init                          0x080008d8   Section        0  stm32f7xx_hal_gpio.o(i.HAL_GPIO_Init)
    i.HAL_GPIO_TogglePin                     0x08000af4   Section        0  stm32f7xx_hal_gpio.o(i.HAL_GPIO_TogglePin)
    i.HAL_GetTick                            0x08000afc   Section        0  stm32f7xx_hal.o(i.HAL_GetTick)
    i.HAL_IncTick                            0x08000b08   Section        0  stm32f7xx_hal.o(i.HAL_IncTick)
    i.HAL_Init                               0x08000b18   Section        0  stm32f7xx_hal.o(i.HAL_Init)
    i.HAL_InitTick                           0x08000b40   Section        0  stm32f7xx_hal.o(i.HAL_InitTick)
    i.HAL_MspInit                            0x08000b64   Section        0  stm32f7xx_hal.o(i.HAL_MspInit)
    i.HAL_NVIC_EnableIRQ                     0x08000b6e   Section        0  stm32f7xx_hal_cortex.o(i.HAL_NVIC_EnableIRQ)
    i.HAL_NVIC_SetPriority                   0x08000b88   Section        0  stm32f7xx_hal_cortex.o(i.HAL_NVIC_SetPriority)
    i.HAL_NVIC_SetPriorityGrouping           0x08000c04   Section        0  stm32f7xx_hal_cortex.o(i.HAL_NVIC_SetPriorityGrouping)
    i.HAL_PWREx_EnableOverDrive              0x08000c2c   Section        0  stm32f7xx_hal_pwr_ex.o(i.HAL_PWREx_EnableOverDrive)
    i.HAL_RCC_ClockConfig                    0x08000cc0   Section        0  stm32f7xx_hal_rcc.o(i.HAL_RCC_ClockConfig)
    i.HAL_RCC_GetHCLKFreq                    0x08000f28   Section        0  stm32f7xx_hal_rcc.o(i.HAL_RCC_GetHCLKFreq)
    i.HAL_RCC_GetPCLK1Freq                   0x08000f60   Section        0  stm32f7xx_hal_rcc.o(i.HAL_RCC_GetPCLK1Freq)
    i.HAL_RCC_GetPCLK2Freq                   0x08000f8c   Section        0  stm32f7xx_hal_rcc.o(i.HAL_RCC_GetPCLK2Freq)
    i.HAL_RCC_GetSysClockFreq                0x08000fb8   Section        0  stm32f7xx_hal_rcc.o(i.HAL_RCC_GetSysClockFreq)
    i.HAL_RCC_OscConfig                      0x0800106c   Section        0  stm32f7xx_hal_rcc.o(i.HAL_RCC_OscConfig)
    i.HAL_SYSTICK_Config                     0x080015c0   Section        0  stm32f7xx_hal_cortex.o(i.HAL_SYSTICK_Config)
    i.HAL_TIM_Base_Init                      0x080015f4   Section        0  stm32f7xx_hal_tim.o(i.HAL_TIM_Base_Init)
    i.HAL_TIM_Base_MspInit                   0x08001622   Section        0  stm32f7xx_hal_tim.o(i.HAL_TIM_Base_MspInit)
    i.HAL_TIM_Base_Start_IT                  0x08001624   Section        0  stm32f7xx_hal_tim.o(i.HAL_TIM_Base_Start_IT)
    i.HAL_UART_ErrorCallback                 0x08001642   Section        0  stm32f7xx_hal_uart.o(i.HAL_UART_ErrorCallback)
    i.HAL_UART_IRQHandler                    0x08001644   Section        0  stm32f7xx_hal_uart.o(i.HAL_UART_IRQHandler)
    i.HAL_UART_Init                          0x0800174e   Section        0  stm32f7xx_hal_uart.o(i.HAL_UART_Init)
    i.HAL_UART_MspInit                       0x080017c6   Section        0  stm32f7xx_hal_uart.o(i.HAL_UART_MspInit)
    i.HAL_UART_RxCpltCallback                0x080017c8   Section        0  stm32f7xx_hal_uart.o(i.HAL_UART_RxCpltCallback)
    i.HAL_UART_Transmit_DMA                  0x080017cc   Section        0  stm32f7xx_hal_uart.o(i.HAL_UART_Transmit_DMA)
    i.HAL_UART_TxCpltCallback                0x08001878   Section        0  uart.o(i.HAL_UART_TxCpltCallback)
    i.HAL_UART_TxHalfCpltCallback            0x08001884   Section        0  stm32f7xx_hal_uart.o(i.HAL_UART_TxHalfCpltCallback)
    i.HardFault_Handler                      0x08001888   Section        0  stm32f7xx_it.o(i.HardFault_Handler)
    i.MemManage_Handler                      0x080018b4   Section        0  stm32f7xx_it.o(i.MemManage_Handler)
    i.NMI_Handler                            0x080018e0   Section        0  stm32f7xx_it.o(i.NMI_Handler)
    i.NVIC_GetPriorityGrouping               0x080018e4   Section        0  stm32f7xx_hal_cortex.o(i.NVIC_GetPriorityGrouping)
    NVIC_GetPriorityGrouping                 0x080018e5   Thumb Code    10  stm32f7xx_hal_cortex.o(i.NVIC_GetPriorityGrouping)
    i.NVIC_SetPriority                       0x080018f4   Section        0  stm32f7xx_hal_cortex.o(i.NVIC_SetPriority)
    NVIC_SetPriority                         0x080018f5   Thumb Code    32  stm32f7xx_hal_cortex.o(i.NVIC_SetPriority)
    i.PendSV_Handler                         0x0800191c   Section        0  stm32f7xx_it.o(i.PendSV_Handler)
    i.SVC_Handler                            0x0800191e   Section        0  stm32f7xx_it.o(i.SVC_Handler)
    i.SysTick_Handler                        0x08001920   Section        0  stm32f7xx_it.o(i.SysTick_Handler)
    i.SystemClock_Config                     0x08001928   Section        0  init.o(i.SystemClock_Config)
    SystemClock_Config                       0x08001929   Thumb Code   110  init.o(i.SystemClock_Config)
    i.SystemInit                             0x08001998   Section        0  system_stm32f7xx.o(i.SystemInit)
    i.TIM3_IRQHandler                        0x080019fc   Section        0  timer.o(i.TIM3_IRQHandler)
    i.TIM_Base_SetConfig                     0x08001a64   Section        0  stm32f7xx_hal_tim.o(i.TIM_Base_SetConfig)
    i.UART_AdvFeatureConfig                  0x08001b48   Section        0  stm32f7xx_hal_uart.o(i.UART_AdvFeatureConfig)
    i.UART_CheckIdleState                    0x08001c32   Section        0  stm32f7xx_hal_uart.o(i.UART_CheckIdleState)
    i.UART_DMAError                          0x08001c8e   Section        0  stm32f7xx_hal_uart.o(i.UART_DMAError)
    UART_DMAError                            0x08001c8f   Thumb Code    38  stm32f7xx_hal_uart.o(i.UART_DMAError)
    i.UART_DMATransmitCplt                   0x08001cb4   Section        0  stm32f7xx_hal_uart.o(i.UART_DMATransmitCplt)
    UART_DMATransmitCplt                     0x08001cb5   Thumb Code    56  stm32f7xx_hal_uart.o(i.UART_DMATransmitCplt)
    i.UART_DMATxHalfCplt                     0x08001cec   Section        0  stm32f7xx_hal_uart.o(i.UART_DMATxHalfCplt)
    UART_DMATxHalfCplt                       0x08001ced   Thumb Code    14  stm32f7xx_hal_uart.o(i.UART_DMATxHalfCplt)
    i.UART_EndTransmit_IT                    0x08001cfa   Section        0  stm32f7xx_hal_uart.o(i.UART_EndTransmit_IT)
    UART_EndTransmit_IT                      0x08001cfb   Thumb Code    48  stm32f7xx_hal_uart.o(i.UART_EndTransmit_IT)
    i.UART_Receive_IT                        0x08001d2a   Section        0  stm32f7xx_hal_uart.o(i.UART_Receive_IT)
    UART_Receive_IT                          0x08001d2b   Thumb Code   160  stm32f7xx_hal_uart.o(i.UART_Receive_IT)
    i.UART_SetConfig                         0x08001dcc   Section        0  stm32f7xx_hal_uart.o(i.UART_SetConfig)
    i.UART_Transmit_IT                       0x08002124   Section        0  stm32f7xx_hal_uart.o(i.UART_Transmit_IT)
    UART_Transmit_IT                         0x08002125   Thumb Code   152  stm32f7xx_hal_uart.o(i.UART_Transmit_IT)
    i.UART_WaitOnFlagUntilTimeout            0x080021bc   Section        0  stm32f7xx_hal_uart.o(i.UART_WaitOnFlagUntilTimeout)
    i.USART6_IRQHandler                      0x080022b4   Section        0  uart.o(i.USART6_IRQHandler)
    i.UsageFault_Handler                     0x080022c4   Section        0  stm32f7xx_it.o(i.UsageFault_Handler)
    i.dioda                                  0x080022f0   Section        0  ws2812driver.o(i.dioda)
    i.dma_conf                               0x0800237c   Section        0  uart.o(i.dma_conf)
    i.error                                  0x0800241c   Section        0  error.o(i.error)
    i.gpio_tim_mes_init                      0x0800246c   Section        0  init.o(i.gpio_tim_mes_init)
    i.init                                   0x080024b0   Section        0  init.o(i.init)
    i.led_init                               0x0800252c   Section        0  init.o(i.led_init)
    led_init                                 0x0800252d   Thumb Code    60  init.o(i.led_init)
    i.led_toggle                             0x08002570   Section        0  init.o(i.led_toggle)
    i.main                                   0x08002584   Section        0  main.o(i.main)
    i.tablica                                0x08002594   Section        0  ws2812driver.o(i.tablica)
    i.tim3_init                              0x080025ec   Section        0  timer.o(i.tim3_init)
    i.usart1_Write                           0x0800265c   Section        0  uart.o(i.usart1_Write)
    i.usart1_WriteS                          0x08002674   Section        0  uart.o(i.usart1_WriteS)
    i.usart1_init                            0x080026a4   Section        0  uart.o(i.usart1_init)
    i.usart6_init                            0x08002750   Section        0  uart.o(i.usart6_init)
    x$fpl$fpinit                             0x0800285c   Section       10  fpinit.o(x$fpl$fpinit)
    $v0                                      0x0800285c   Number         0  fpinit.o(x$fpl$fpinit)
    .constdata                               0x08002866   Section       16  stm32f7xx_hal_rcc.o(.constdata)
    .constdata                               0x08002876   Section        8  stm32f7xx_hal_dma.o(.constdata)
    flagBitshiftOffset                       0x08002876   Data           8  stm32f7xx_hal_dma.o(.constdata)
    .data                                    0x20010000   Section        1  uart.o(.data)
    .data                                    0x20010001   Section        8  ws2812driver.o(.data)
    .data                                    0x20010009   Section        1  timer.o(.data)
    .data                                    0x2001000c   Section        4  system_stm32f7xx.o(.data)
    .data                                    0x20010010   Section        4  stm32f7xx_it.o(.data)
    .data                                    0x20010014   Section        4  stm32f7xx_hal.o(.data)
    uwTick                                   0x20010014   Data           4  stm32f7xx_hal.o(.data)
    .bss                                     0x20010018   Section      312  uart.o(.bss)
    .bss                                     0x20010150   Section    61200  ws2812driver.o(.bss)
    .bss                                     0x2001f060   Section       60  timer.o(.bss)
    .bss                                     0x2001f09c   Section       96  libspace.o(.bss)
    HEAP                                     0x2001f100   Section      512  startup_stm32f746xx.o(HEAP)
    Heap_Mem                                 0x2001f100   Data         512  startup_stm32f746xx.o(HEAP)
    STACK                                    0x2001f300   Section     5120  startup_stm32f746xx.o(STACK)
    Stack_Mem                                0x2001f300   Data        5120  startup_stm32f746xx.o(STACK)
    __initial_sp                             0x20020700   Data           0  startup_stm32f746xx.o(STACK)

    Global Symbols

    Symbol Name                              Value     Ov Type        Size  Object(Section)

    BuildAttributes$$THM_ISAv4$E$P$D$K$B$S$7EM$VFPi3$EXTD16$VFPS$VFMA$PE$PLD8$A:L22UL41UL21$X:L11$S22US41US21$IEEE1$IW$USESV6$~STKCKD$USESV7$~SHL$OSPACE$ROPI$EBA8$UX$STANDARDLIB$REQ8$PRES8$EABIv2 0x00000000   Number         0  anon$$obj.o ABSOLUTE
    __ARM_use_no_argv                        0x00000000   Number         0  main.o ABSOLUTE
    __ARM_exceptions_init                     - Undefined Weak Reference
    __alloca_initialize                       - Undefined Weak Reference
    __arm_preinit_                            - Undefined Weak Reference
    __cpp_initialize__aeabi_                  - Undefined Weak Reference
    __cxa_finalize                            - Undefined Weak Reference
    __rt_locale                               - Undefined Weak Reference
    __sigvec_lookup                           - Undefined Weak Reference
    _atexit_init                              - Undefined Weak Reference
    _call_atexit_fns                          - Undefined Weak Reference
    _clock_init                               - Undefined Weak Reference
    _fp_trap_init                             - Undefined Weak Reference
    _fp_trap_shutdown                         - Undefined Weak Reference
    _get_lc_collate                           - Undefined Weak Reference
    _get_lc_ctype                             - Undefined Weak Reference
    _get_lc_monetary                          - Undefined Weak Reference
    _get_lc_numeric                           - Undefined Weak Reference
    _get_lc_time                              - Undefined Weak Reference
    _getenv_init                              - Undefined Weak Reference
    _handle_redirection                       - Undefined Weak Reference
    _init_alloc                               - Undefined Weak Reference
    _init_user_alloc                          - Undefined Weak Reference
    _initio                                   - Undefined Weak Reference
    _printf_post_padding                      - Undefined Weak Reference
    _printf_pre_padding                       - Undefined Weak Reference
    _printf_truncate_signed                   - Undefined Weak Reference
    _printf_truncate_unsigned                 - Undefined Weak Reference
    _rand_init                                - Undefined Weak Reference
    _signal_finish                            - Undefined Weak Reference
    _signal_init                              - Undefined Weak Reference
    _terminate_alloc                          - Undefined Weak Reference
    _terminate_user_alloc                     - Undefined Weak Reference
    _terminateio                              - Undefined Weak Reference
    __Vectors_Size                           0x000001c8   Number         0  startup_stm32f746xx.o ABSOLUTE
    __Vectors                                0x08000000   Data           4  startup_stm32f746xx.o(RESET)
    __Vectors_End                            0x080001c8   Data           0  startup_stm32f746xx.o(RESET)
    __main                                   0x080001c9   Thumb Code     8  __main.o(!!!main)
    __scatterload                            0x080001d1   Thumb Code     0  __scatter.o(!!!scatter)
    __scatterload_rt2                        0x080001d1   Thumb Code    44  __scatter.o(!!!scatter)
    __scatterload_rt2_thumb_only             0x080001d1   Thumb Code     0  __scatter.o(!!!scatter)
    __scatterload_null                       0x080001df   Thumb Code     0  __scatter.o(!!!scatter)
    __scatterload_copy                       0x08000205   Thumb Code    26  __scatter_copy.o(!!handler_copy)
    __scatterload_zeroinit                   0x08000221   Thumb Code    28  __scatter_zi.o(!!handler_zi)
    _printf_d                                0x0800023d   Thumb Code     0  _printf_d.o(.ARM.Collect$$_printf_percent$$00000009)
    _printf_percent                          0x0800023d   Thumb Code     0  _printf_percent.o(.ARM.Collect$$_printf_percent$$00000000)
    _printf_percent_end                      0x08000243   Thumb Code     0  _printf_percent_end.o(.ARM.Collect$$_printf_percent$$00000017)
    __rt_lib_init                            0x08000247   Thumb Code     0  libinit.o(.ARM.Collect$$libinit$$00000000)
    __rt_lib_init_fp_1                       0x08000249   Thumb Code     0  libinit2.o(.ARM.Collect$$libinit$$00000001)
    __rt_lib_init_alloca_1                   0x0800024d   Thumb Code     0  libinit2.o(.ARM.Collect$$libinit$$0000002E)
    __rt_lib_init_argv_1                     0x0800024d   Thumb Code     0  libinit2.o(.ARM.Collect$$libinit$$0000002C)
    __rt_lib_init_atexit_1                   0x0800024d   Thumb Code     0  libinit2.o(.ARM.Collect$$libinit$$0000001B)
    __rt_lib_init_clock_1                    0x0800024d   Thumb Code     0  libinit2.o(.ARM.Collect$$libinit$$00000021)
    __rt_lib_init_cpp_1                      0x0800024d   Thumb Code     0  libinit2.o(.ARM.Collect$$libinit$$00000032)
    __rt_lib_init_exceptions_1               0x0800024d   Thumb Code     0  libinit2.o(.ARM.Collect$$libinit$$00000030)
    __rt_lib_init_fp_trap_1                  0x0800024d   Thumb Code     0  libinit2.o(.ARM.Collect$$libinit$$0000001F)
    __rt_lib_init_getenv_1                   0x0800024d   Thumb Code     0  libinit2.o(.ARM.Collect$$libinit$$00000023)
    __rt_lib_init_heap_1                     0x0800024d   Thumb Code     0  libinit2.o(.ARM.Collect$$libinit$$0000000A)
    __rt_lib_init_lc_collate_1               0x0800024d   Thumb Code     0  libinit2.o(.ARM.Collect$$libinit$$00000011)
    __rt_lib_init_lc_ctype_1                 0x0800024d   Thumb Code     0  libinit2.o(.ARM.Collect$$libinit$$00000013)
    __rt_lib_init_lc_monetary_1              0x0800024d   Thumb Code     0  libinit2.o(.ARM.Collect$$libinit$$00000015)
    __rt_lib_init_lc_numeric_1               0x0800024d   Thumb Code     0  libinit2.o(.ARM.Collect$$libinit$$00000017)
    __rt_lib_init_lc_time_1                  0x0800024d   Thumb Code     0  libinit2.o(.ARM.Collect$$libinit$$00000019)
    __rt_lib_init_preinit_1                  0x0800024d   Thumb Code     0  libinit2.o(.ARM.Collect$$libinit$$00000004)
    __rt_lib_init_rand_1                     0x0800024d   Thumb Code     0  libinit2.o(.ARM.Collect$$libinit$$0000000E)
    __rt_lib_init_return                     0x0800024d   Thumb Code     0  libinit2.o(.ARM.Collect$$libinit$$00000033)
    __rt_lib_init_signal_1                   0x0800024d   Thumb Code     0  libinit2.o(.ARM.Collect$$libinit$$0000001D)
    __rt_lib_init_stdio_1                    0x0800024d   Thumb Code     0  libinit2.o(.ARM.Collect$$libinit$$00000025)
    __rt_lib_init_user_alloc_1               0x0800024d   Thumb Code     0  libinit2.o(.ARM.Collect$$libinit$$0000000C)
    __rt_lib_shutdown                        0x0800024f   Thumb Code     0  libshutdown.o(.ARM.Collect$$libshutdown$$00000000)
    __rt_lib_shutdown_fp_trap_1              0x08000251   Thumb Code     0  libshutdown2.o(.ARM.Collect$$libshutdown$$00000006)
    __rt_lib_shutdown_heap_1                 0x08000251   Thumb Code     0  libshutdown2.o(.ARM.Collect$$libshutdown$$0000000E)
    __rt_lib_shutdown_return                 0x08000251   Thumb Code     0  libshutdown2.o(.ARM.Collect$$libshutdown$$0000000F)
    __rt_lib_shutdown_signal_1               0x08000251   Thumb Code     0  libshutdown2.o(.ARM.Collect$$libshutdown$$00000009)
    __rt_lib_shutdown_stdio_1                0x08000251   Thumb Code     0  libshutdown2.o(.ARM.Collect$$libshutdown$$00000003)
    __rt_lib_shutdown_user_alloc_1           0x08000251   Thumb Code     0  libshutdown2.o(.ARM.Collect$$libshutdown$$0000000B)
    __rt_entry                               0x08000253   Thumb Code     0  __rtentry.o(.ARM.Collect$$rtentry$$00000000)
    __rt_entry_presh_1                       0x08000253   Thumb Code     0  __rtentry2.o(.ARM.Collect$$rtentry$$00000002)
    __rt_entry_sh                            0x08000253   Thumb Code     0  __rtentry4.o(.ARM.Collect$$rtentry$$00000004)
    __rt_entry_li                            0x08000259   Thumb Code     0  __rtentry2.o(.ARM.Collect$$rtentry$$0000000A)
    __rt_entry_postsh_1                      0x08000259   Thumb Code     0  __rtentry2.o(.ARM.Collect$$rtentry$$00000009)
    __rt_entry_main                          0x0800025d   Thumb Code     0  __rtentry2.o(.ARM.Collect$$rtentry$$0000000D)
    __rt_entry_postli_1                      0x0800025d   Thumb Code     0  __rtentry2.o(.ARM.Collect$$rtentry$$0000000C)
    __rt_exit                                0x08000265   Thumb Code     0  rtexit.o(.ARM.Collect$$rtexit$$00000000)
    __rt_exit_ls                             0x08000267   Thumb Code     0  rtexit2.o(.ARM.Collect$$rtexit$$00000003)
    __rt_exit_prels_1                        0x08000267   Thumb Code     0  rtexit2.o(.ARM.Collect$$rtexit$$00000002)
    __rt_exit_exit                           0x0800026b   Thumb Code     0  rtexit2.o(.ARM.Collect$$rtexit$$00000004)
    Reset_Handler                            0x08000271   Thumb Code     8  startup_stm32f746xx.o(.text)
    ADC_IRQHandler                           0x0800028b   Thumb Code     0  startup_stm32f746xx.o(.text)
    CAN1_RX0_IRQHandler                      0x0800028b   Thumb Code     0  startup_stm32f746xx.o(.text)
    CAN1_RX1_IRQHandler                      0x0800028b   Thumb Code     0  startup_stm32f746xx.o(.text)
    CAN1_SCE_IRQHandler                      0x0800028b   Thumb Code     0  startup_stm32f746xx.o(.text)
    CAN1_TX_IRQHandler                       0x0800028b   Thumb Code     0  startup_stm32f746xx.o(.text)
    CAN2_RX0_IRQHandler                      0x0800028b   Thumb Code     0  startup_stm32f746xx.o(.text)
    CAN2_RX1_IRQHandler                      0x0800028b   Thumb Code     0  startup_stm32f746xx.o(.text)
    CAN2_SCE_IRQHandler                      0x0800028b   Thumb Code     0  startup_stm32f746xx.o(.text)
    CAN2_TX_IRQHandler                       0x0800028b   Thumb Code     0  startup_stm32f746xx.o(.text)
    CEC_IRQHandler                           0x0800028b   Thumb Code     0  startup_stm32f746xx.o(.text)
    DCMI_IRQHandler                          0x0800028b   Thumb Code     0  startup_stm32f746xx.o(.text)
    DMA1_Stream0_IRQHandler                  0x0800028b   Thumb Code     0  startup_stm32f746xx.o(.text)
    DMA1_Stream1_IRQHandler                  0x0800028b   Thumb Code     0  startup_stm32f746xx.o(.text)
    DMA1_Stream2_IRQHandler                  0x0800028b   Thumb Code     0  startup_stm32f746xx.o(.text)
    DMA1_Stream3_IRQHandler                  0x0800028b   Thumb Code     0  startup_stm32f746xx.o(.text)
    DMA1_Stream4_IRQHandler                  0x0800028b   Thumb Code     0  startup_stm32f746xx.o(.text)
    DMA1_Stream5_IRQHandler                  0x0800028b   Thumb Code     0  startup_stm32f746xx.o(.text)
    DMA1_Stream6_IRQHandler                  0x0800028b   Thumb Code     0  startup_stm32f746xx.o(.text)
    DMA1_Stream7_IRQHandler                  0x0800028b   Thumb Code     0  startup_stm32f746xx.o(.text)
    DMA2D_IRQHandler                         0x0800028b   Thumb Code     0  startup_stm32f746xx.o(.text)
    DMA2_Stream0_IRQHandler                  0x0800028b   Thumb Code     0  startup_stm32f746xx.o(.text)
    DMA2_Stream1_IRQHandler                  0x0800028b   Thumb Code     0  startup_stm32f746xx.o(.text)
    DMA2_Stream2_IRQHandler                  0x0800028b   Thumb Code     0  startup_stm32f746xx.o(.text)
    DMA2_Stream3_IRQHandler                  0x0800028b   Thumb Code     0  startup_stm32f746xx.o(.text)
    DMA2_Stream4_IRQHandler                  0x0800028b   Thumb Code     0  startup_stm32f746xx.o(.text)
    DMA2_Stream5_IRQHandler                  0x0800028b   Thumb Code     0  startup_stm32f746xx.o(.text)
    DMA2_Stream7_IRQHandler                  0x0800028b   Thumb Code     0  startup_stm32f746xx.o(.text)
    ETH_IRQHandler                           0x0800028b   Thumb Code     0  startup_stm32f746xx.o(.text)
    ETH_WKUP_IRQHandler                      0x0800028b   Thumb Code     0  startup_stm32f746xx.o(.text)
    EXTI0_IRQHandler                         0x0800028b   Thumb Code     0  startup_stm32f746xx.o(.text)
    EXTI15_10_IRQHandler                     0x0800028b   Thumb Code     0  startup_stm32f746xx.o(.text)
    EXTI1_IRQHandler                         0x0800028b   Thumb Code     0  startup_stm32f746xx.o(.text)
    EXTI2_IRQHandler                         0x0800028b   Thumb Code     0  startup_stm32f746xx.o(.text)
    EXTI3_IRQHandler                         0x0800028b   Thumb Code     0  startup_stm32f746xx.o(.text)
    EXTI4_IRQHandler                         0x0800028b   Thumb Code     0  startup_stm32f746xx.o(.text)
    EXTI9_5_IRQHandler                       0x0800028b   Thumb Code     0  startup_stm32f746xx.o(.text)
    FLASH_IRQHandler                         0x0800028b   Thumb Code     0  startup_stm32f746xx.o(.text)
    FMC_IRQHandler                           0x0800028b   Thumb Code     0  startup_stm32f746xx.o(.text)
    FPU_IRQHandler                           0x0800028b   Thumb Code     0  startup_stm32f746xx.o(.text)
    I2C1_ER_IRQHandler                       0x0800028b   Thumb Code     0  startup_stm32f746xx.o(.text)
    I2C1_EV_IRQHandler                       0x0800028b   Thumb Code     0  startup_stm32f746xx.o(.text)
    I2C2_ER_IRQHandler                       0x0800028b   Thumb Code     0  startup_stm32f746xx.o(.text)
    I2C2_EV_IRQHandler                       0x0800028b   Thumb Code     0  startup_stm32f746xx.o(.text)
    I2C3_ER_IRQHandler                       0x0800028b   Thumb Code     0  startup_stm32f746xx.o(.text)
    I2C3_EV_IRQHandler                       0x0800028b   Thumb Code     0  startup_stm32f746xx.o(.text)
    I2C4_ER_IRQHandler                       0x0800028b   Thumb Code     0  startup_stm32f746xx.o(.text)
    I2C4_EV_IRQHandler                       0x0800028b   Thumb Code     0  startup_stm32f746xx.o(.text)
    LPTIM1_IRQHandler                        0x0800028b   Thumb Code     0  startup_stm32f746xx.o(.text)
    LTDC_ER_IRQHandler                       0x0800028b   Thumb Code     0  startup_stm32f746xx.o(.text)
    LTDC_IRQHandler                          0x0800028b   Thumb Code     0  startup_stm32f746xx.o(.text)
    OTG_FS_IRQHandler                        0x0800028b   Thumb Code     0  startup_stm32f746xx.o(.text)
    OTG_FS_WKUP_IRQHandler                   0x0800028b   Thumb Code     0  startup_stm32f746xx.o(.text)
    OTG_HS_EP1_IN_IRQHandler                 0x0800028b   Thumb Code     0  startup_stm32f746xx.o(.text)
    OTG_HS_EP1_OUT_IRQHandler                0x0800028b   Thumb Code     0  startup_stm32f746xx.o(.text)
    OTG_HS_IRQHandler                        0x0800028b   Thumb Code     0  startup_stm32f746xx.o(.text)
    OTG_HS_WKUP_IRQHandler                   0x0800028b   Thumb Code     0  startup_stm32f746xx.o(.text)
    PVD_IRQHandler                           0x0800028b   Thumb Code     0  startup_stm32f746xx.o(.text)
    QUADSPI_IRQHandler                       0x0800028b   Thumb Code     0  startup_stm32f746xx.o(.text)
    RCC_IRQHandler                           0x0800028b   Thumb Code     0  startup_stm32f746xx.o(.text)
    RNG_IRQHandler                           0x0800028b   Thumb Code     0  startup_stm32f746xx.o(.text)
    RTC_Alarm_IRQHandler                     0x0800028b   Thumb Code     0  startup_stm32f746xx.o(.text)
    RTC_WKUP_IRQHandler                      0x0800028b   Thumb Code     0  startup_stm32f746xx.o(.text)
    SAI1_IRQHandler                          0x0800028b   Thumb Code     0  startup_stm32f746xx.o(.text)
    SAI2_IRQHandler                          0x0800028b   Thumb Code     0  startup_stm32f746xx.o(.text)
    SDMMC1_IRQHandler                        0x0800028b   Thumb Code     0  startup_stm32f746xx.o(.text)
    SPDIF_RX_IRQHandler                      0x0800028b   Thumb Code     0  startup_stm32f746xx.o(.text)
    SPI1_IRQHandler                          0x0800028b   Thumb Code     0  startup_stm32f746xx.o(.text)
    SPI2_IRQHandler                          0x0800028b   Thumb Code     0  startup_stm32f746xx.o(.text)
    SPI3_IRQHandler                          0x0800028b   Thumb Code     0  startup_stm32f746xx.o(.text)
    SPI4_IRQHandler                          0x0800028b   Thumb Code     0  startup_stm32f746xx.o(.text)
    SPI5_IRQHandler                          0x0800028b   Thumb Code     0  startup_stm32f746xx.o(.text)
    SPI6_IRQHandler                          0x0800028b   Thumb Code     0  startup_stm32f746xx.o(.text)
    TAMP_STAMP_IRQHandler                    0x0800028b   Thumb Code     0  startup_stm32f746xx.o(.text)
    TIM1_BRK_TIM9_IRQHandler                 0x0800028b   Thumb Code     0  startup_stm32f746xx.o(.text)
    TIM1_CC_IRQHandler                       0x0800028b   Thumb Code     0  startup_stm32f746xx.o(.text)
    TIM1_TRG_COM_TIM11_IRQHandler            0x0800028b   Thumb Code     0  startup_stm32f746xx.o(.text)
    TIM1_UP_TIM10_IRQHandler                 0x0800028b   Thumb Code     0  startup_stm32f746xx.o(.text)
    TIM2_IRQHandler                          0x0800028b   Thumb Code     0  startup_stm32f746xx.o(.text)
    TIM4_IRQHandler                          0x0800028b   Thumb Code     0  startup_stm32f746xx.o(.text)
    TIM5_IRQHandler                          0x0800028b   Thumb Code     0  startup_stm32f746xx.o(.text)
    TIM6_DAC_IRQHandler                      0x0800028b   Thumb Code     0  startup_stm32f746xx.o(.text)
    TIM7_IRQHandler                          0x0800028b   Thumb Code     0  startup_stm32f746xx.o(.text)
    TIM8_BRK_TIM12_IRQHandler                0x0800028b   Thumb Code     0  startup_stm32f746xx.o(.text)
    TIM8_CC_IRQHandler                       0x0800028b   Thumb Code     0  startup_stm32f746xx.o(.text)
    TIM8_TRG_COM_TIM14_IRQHandler            0x0800028b   Thumb Code     0  startup_stm32f746xx.o(.text)
    TIM8_UP_TIM13_IRQHandler                 0x0800028b   Thumb Code     0  startup_stm32f746xx.o(.text)
    UART4_IRQHandler                         0x0800028b   Thumb Code     0  startup_stm32f746xx.o(.text)
    UART5_IRQHandler                         0x0800028b   Thumb Code     0  startup_stm32f746xx.o(.text)
    UART7_IRQHandler                         0x0800028b   Thumb Code     0  startup_stm32f746xx.o(.text)
    UART8_IRQHandler                         0x0800028b   Thumb Code     0  startup_stm32f746xx.o(.text)
    USART1_IRQHandler                        0x0800028b   Thumb Code     0  startup_stm32f746xx.o(.text)
    USART2_IRQHandler                        0x0800028b   Thumb Code     0  startup_stm32f746xx.o(.text)
    USART3_IRQHandler                        0x0800028b   Thumb Code     0  startup_stm32f746xx.o(.text)
    WWDG_IRQHandler                          0x0800028b   Thumb Code     0  startup_stm32f746xx.o(.text)
    __user_initial_stackheap                 0x0800028d   Thumb Code     0  startup_stm32f746xx.o(.text)
    __2sprintf                               0x080002b1   Thumb Code    34  noretval__2sprintf.o(.text)
    __printf                                 0x080002d9   Thumb Code   104  __printf.o(.text)
    _printf_int_dec                          0x08000341   Thumb Code   104  _printf_dec.o(.text)
    __use_two_region_memory                  0x080003b9   Thumb Code     2  heapauxi.o(.text)
    __rt_heap_escrow$2region                 0x080003bb   Thumb Code     2  heapauxi.o(.text)
    __rt_heap_expand$2region                 0x080003bd   Thumb Code     2  heapauxi.o(.text)
    _printf_int_common                       0x080003bf   Thumb Code   178  _printf_intcommon.o(.text)
    _printf_char_common                      0x0800047b   Thumb Code    32  _printf_char_common.o(.text)
    _sputc                                   0x080004a1   Thumb Code    10  _sputc.o(.text)
    __user_setup_stackheap                   0x080004ab   Thumb Code    74  sys_stackheap_outer.o(.text)
    exit                                     0x080004f5   Thumb Code    12  exit.o(.text)
    __user_libspace                          0x08000501   Thumb Code     8  libspace.o(.text)
    __user_perproc_libspace                  0x08000501   Thumb Code     0  libspace.o(.text)
    __user_perthread_libspace                0x08000501   Thumb Code     0  libspace.o(.text)
    _sys_exit                                0x08000509   Thumb Code     8  sys_exit.o(.text)
    __I$use$semihosting                      0x08000515   Thumb Code     0  use_no_semi.o(.text)
    __use_no_semihosting_swi                 0x08000515   Thumb Code     2  use_no_semi.o(.text)
    __semihosting_library_function           0x08000517   Thumb Code     0  indicate_semi.o(.text)
    BusFault_Handler                         0x08000519   Thumb Code    16  stm32f7xx_it.o(i.BusFault_Handler)
    DMA2_Stream6_IRQHandler                  0x08000545   Thumb Code    10  uart.o(i.DMA2_Stream6_IRQHandler)
    DebugMon_Handler                         0x080005b5   Thumb Code     2  stm32f7xx_it.o(i.DebugMon_Handler)
    HAL_DMA_IRQHandler                       0x080005b9   Thumb Code   530  stm32f7xx_hal_dma.o(i.HAL_DMA_IRQHandler)
    HAL_DMA_Init                             0x080007d1   Thumb Code   128  stm32f7xx_hal_dma.o(i.HAL_DMA_Init)
    HAL_DMA_Start_IT                         0x08000855   Thumb Code   106  stm32f7xx_hal_dma.o(i.HAL_DMA_Start_IT)
    HAL_Delay                                0x080008bf   Thumb Code    26  stm32f7xx_hal.o(i.HAL_Delay)
    HAL_GPIO_Init                            0x080008d9   Thumb Code   488  stm32f7xx_hal_gpio.o(i.HAL_GPIO_Init)
    HAL_GPIO_TogglePin                       0x08000af5   Thumb Code     8  stm32f7xx_hal_gpio.o(i.HAL_GPIO_TogglePin)
    HAL_GetTick                              0x08000afd   Thumb Code     6  stm32f7xx_hal.o(i.HAL_GetTick)
    HAL_IncTick                              0x08000b09   Thumb Code    12  stm32f7xx_hal.o(i.HAL_IncTick)
    HAL_Init                                 0x08000b19   Thumb Code    34  stm32f7xx_hal.o(i.HAL_Init)
    HAL_InitTick                             0x08000b41   Thumb Code    36  stm32f7xx_hal.o(i.HAL_InitTick)
    HAL_MspInit                              0x08000b65   Thumb Code    10  stm32f7xx_hal.o(i.HAL_MspInit)
    HAL_NVIC_EnableIRQ                       0x08000b6f   Thumb Code    26  stm32f7xx_hal_cortex.o(i.HAL_NVIC_EnableIRQ)
    HAL_NVIC_SetPriority                     0x08000b89   Thumb Code   124  stm32f7xx_hal_cortex.o(i.HAL_NVIC_SetPriority)
    HAL_NVIC_SetPriorityGrouping             0x08000c05   Thumb Code    32  stm32f7xx_hal_cortex.o(i.HAL_NVIC_SetPriorityGrouping)
    HAL_PWREx_EnableOverDrive                0x08000c2d   Thumb Code   140  stm32f7xx_hal_pwr_ex.o(i.HAL_PWREx_EnableOverDrive)
    HAL_RCC_ClockConfig                      0x08000cc1   Thumb Code   608  stm32f7xx_hal_rcc.o(i.HAL_RCC_ClockConfig)
    HAL_RCC_GetHCLKFreq                      0x08000f29   Thumb Code    42  stm32f7xx_hal_rcc.o(i.HAL_RCC_GetHCLKFreq)
    HAL_RCC_GetPCLK1Freq                     0x08000f61   Thumb Code    36  stm32f7xx_hal_rcc.o(i.HAL_RCC_GetPCLK1Freq)
    HAL_RCC_GetPCLK2Freq                     0x08000f8d   Thumb Code    36  stm32f7xx_hal_rcc.o(i.HAL_RCC_GetPCLK2Freq)
    HAL_RCC_GetSysClockFreq                  0x08000fb9   Thumb Code   168  stm32f7xx_hal_rcc.o(i.HAL_RCC_GetSysClockFreq)
    HAL_RCC_OscConfig                        0x0800106d   Thumb Code  1360  stm32f7xx_hal_rcc.o(i.HAL_RCC_OscConfig)
    HAL_SYSTICK_Config                       0x080015c1   Thumb Code    52  stm32f7xx_hal_cortex.o(i.HAL_SYSTICK_Config)
    HAL_TIM_Base_Init                        0x080015f5   Thumb Code    46  stm32f7xx_hal_tim.o(i.HAL_TIM_Base_Init)
    HAL_TIM_Base_MspInit                     0x08001623   Thumb Code     2  stm32f7xx_hal_tim.o(i.HAL_TIM_Base_MspInit)
    HAL_TIM_Base_Start_IT                    0x08001625   Thumb Code    30  stm32f7xx_hal_tim.o(i.HAL_TIM_Base_Start_IT)
    HAL_UART_ErrorCallback                   0x08001643   Thumb Code     2  stm32f7xx_hal_uart.o(i.HAL_UART_ErrorCallback)
    HAL_UART_IRQHandler                      0x08001645   Thumb Code   266  stm32f7xx_hal_uart.o(i.HAL_UART_IRQHandler)
    HAL_UART_Init                            0x0800174f   Thumb Code   120  stm32f7xx_hal_uart.o(i.HAL_UART_Init)
    HAL_UART_MspInit                         0x080017c7   Thumb Code     2  stm32f7xx_hal_uart.o(i.HAL_UART_MspInit)
    HAL_UART_RxCpltCallback                  0x080017c9   Thumb Code     2  stm32f7xx_hal_uart.o(i.HAL_UART_RxCpltCallback)
    HAL_UART_Transmit_DMA                    0x080017cd   Thumb Code   160  stm32f7xx_hal_uart.o(i.HAL_UART_Transmit_DMA)
    HAL_UART_TxCpltCallback                  0x08001879   Thumb Code     8  uart.o(i.HAL_UART_TxCpltCallback)
    HAL_UART_TxHalfCpltCallback              0x08001885   Thumb Code     2  stm32f7xx_hal_uart.o(i.HAL_UART_TxHalfCpltCallback)
    HardFault_Handler                        0x08001889   Thumb Code    16  stm32f7xx_it.o(i.HardFault_Handler)
    MemManage_Handler                        0x080018b5   Thumb Code    16  stm32f7xx_it.o(i.MemManage_Handler)
    NMI_Handler                              0x080018e1   Thumb Code     2  stm32f7xx_it.o(i.NMI_Handler)
    PendSV_Handler                           0x0800191d   Thumb Code     2  stm32f7xx_it.o(i.PendSV_Handler)
    SVC_Handler                              0x0800191f   Thumb Code     2  stm32f7xx_it.o(i.SVC_Handler)
    SysTick_Handler                          0x08001921   Thumb Code     8  stm32f7xx_it.o(i.SysTick_Handler)
    SystemInit                               0x08001999   Thumb Code    82  system_stm32f7xx.o(i.SystemInit)
    TIM3_IRQHandler                          0x080019fd   Thumb Code    84  timer.o(i.TIM3_IRQHandler)
    TIM_Base_SetConfig                       0x08001a65   Thumb Code   184  stm32f7xx_hal_tim.o(i.TIM_Base_SetConfig)
    UART_AdvFeatureConfig                    0x08001b49   Thumb Code   234  stm32f7xx_hal_uart.o(i.UART_AdvFeatureConfig)
    UART_CheckIdleState                      0x08001c33   Thumb Code    92  stm32f7xx_hal_uart.o(i.UART_CheckIdleState)
    UART_SetConfig                           0x08001dcd   Thumb Code   808  stm32f7xx_hal_uart.o(i.UART_SetConfig)
    UART_WaitOnFlagUntilTimeout              0x080021bd   Thumb Code   246  stm32f7xx_hal_uart.o(i.UART_WaitOnFlagUntilTimeout)
    USART6_IRQHandler                        0x080022b5   Thumb Code    10  uart.o(i.USART6_IRQHandler)
    UsageFault_Handler                       0x080022c5   Thumb Code    16  stm32f7xx_it.o(i.UsageFault_Handler)
    dioda                                    0x080022f1   Thumb Code   140  ws2812driver.o(i.dioda)
    dma_conf                                 0x0800237d   Thumb Code   114  uart.o(i.dma_conf)
    error                                    0x0800241d   Thumb Code    38  error.o(i.error)
    gpio_tim_mes_init                        0x0800246d   Thumb Code    60  init.o(i.gpio_tim_mes_init)
    init                                     0x080024b1   Thumb Code    66  init.o(i.init)
    led_toggle                               0x08002571   Thumb Code    14  init.o(i.led_toggle)
    main                                     0x08002585   Thumb Code    16  main.o(i.main)
    tablica                                  0x08002595   Thumb Code    78  ws2812driver.o(i.tablica)
    tim3_init                                0x080025ed   Thumb Code   100  timer.o(i.tim3_init)
    usart1_Write                             0x0800265d   Thumb Code    20  uart.o(i.usart1_Write)
    usart1_WriteS                            0x08002675   Thumb Code    42  uart.o(i.usart1_WriteS)
    usart1_init                              0x080026a5   Thumb Code   158  uart.o(i.usart1_init)
    usart6_init                              0x08002751   Thumb Code   252  uart.o(i.usart6_init)
    _fp_init                                 0x0800285d   Thumb Code    10  fpinit.o(x$fpl$fpinit)
    __fplib_config_fpu_vfp                   0x08002865   Thumb Code     0  fpinit.o(x$fpl$fpinit)
    __fplib_config_pureend_doubles           0x08002865   Thumb Code     0  fpinit.o(x$fpl$fpinit)
    APBAHBPrescTable                         0x08002866   Data          16  stm32f7xx_hal_rcc.o(.constdata)
    Region$$Table$$Base                      0x08002880   Number         0  anon$$obj.o(Region$$Table)
    Region$$Table$$Limit                     0x080028a0   Number         0  anon$$obj.o(Region$$Table)
    flag_usart_tc                            0x20010000   Data           1  uart.o(.data)
    buf_short                                0x20010001   Data           8  ws2812driver.o(.data)
    r                                        0x20010009   Data           1  timer.o(.data)
    SystemCoreClock                          0x2001000c   Data           4  system_stm32f7xx.o(.data)
    application_time                         0x20010010   Data           4  stm32f7xx_it.o(.data)
    USART6_handle                            0x20010018   Data         112  uart.o(.bss)
    USART1_handle                            0x20010088   Data         112  uart.o(.bss)
    DMA_handle                               0x200100f8   Data          88  uart.o(.bss)
    buf_tasma                                0x20010150   Data       61200  ws2812driver.o(.bss)
    TIM3_HandleStruct                        0x2001f060   Data          60  timer.o(.bss)
    __libspace_start                         0x2001f09c   Data          96  libspace.o(.bss)
    __temporary_stack_top$libspace           0x2001f0fc   Data           0  libspace.o(.bss)



==============================================================================

Memory Map of the image

  Image Entry point : 0x08000271

  Load Region LR_1 (Base: 0x08000000, Size: 0x000028b8, Max: 0xffffffff, ABSOLUTE)

    Execution Region ER_RO (Base: 0x08000000, Size: 0x000028a0, Max: 0xffffffff, ABSOLUTE)

    Base Addr    Size         Type   Attr      Idx    E Section Name        Object

    0x08000000   0x000001c8   Data   RO          486    RESET               startup_stm32f746xx.o
    0x080001c8   0x00000008   Code   RO         2975  * !!!main             c_w.l(__main.o)
    0x080001d0   0x00000034   Code   RO         3140    !!!scatter          c_w.l(__scatter.o)
    0x08000204   0x0000001a   Code   RO         3142    !!handler_copy      c_w.l(__scatter_copy.o)
    0x0800021e   0x00000002   PAD
    0x08000220   0x0000001c   Code   RO         3144    !!handler_zi        c_w.l(__scatter_zi.o)
    0x0800023c   0x00000000   Code   RO         2972    .ARM.Collect$$_printf_percent$$00000000  c_w.l(_printf_percent.o)
    0x0800023c   0x00000006   Code   RO         2971    .ARM.Collect$$_printf_percent$$00000009  c_w.l(_printf_d.o)
    0x08000242   0x00000004   Code   RO         2984    .ARM.Collect$$_printf_percent$$00000017  c_w.l(_printf_percent_end.o)
    0x08000246   0x00000002   Code   RO         3011    .ARM.Collect$$libinit$$00000000  c_w.l(libinit.o)
    0x08000248   0x00000004   Code   RO         3017    .ARM.Collect$$libinit$$00000001  c_w.l(libinit2.o)
    0x0800024c   0x00000000   Code   RO         3020    .ARM.Collect$$libinit$$00000004  c_w.l(libinit2.o)
    0x0800024c   0x00000000   Code   RO         3023    .ARM.Collect$$libinit$$0000000A  c_w.l(libinit2.o)
    0x0800024c   0x00000000   Code   RO         3025    .ARM.Collect$$libinit$$0000000C  c_w.l(libinit2.o)
    0x0800024c   0x00000000   Code   RO         3027    .ARM.Collect$$libinit$$0000000E  c_w.l(libinit2.o)
    0x0800024c   0x00000000   Code   RO         3030    .ARM.Collect$$libinit$$00000011  c_w.l(libinit2.o)
    0x0800024c   0x00000000   Code   RO         3032    .ARM.Collect$$libinit$$00000013  c_w.l(libinit2.o)
    0x0800024c   0x00000000   Code   RO         3034    .ARM.Collect$$libinit$$00000015  c_w.l(libinit2.o)
    0x0800024c   0x00000000   Code   RO         3036    .ARM.Collect$$libinit$$00000017  c_w.l(libinit2.o)
    0x0800024c   0x00000000   Code   RO         3038    .ARM.Collect$$libinit$$00000019  c_w.l(libinit2.o)
    0x0800024c   0x00000000   Code   RO         3040    .ARM.Collect$$libinit$$0000001B  c_w.l(libinit2.o)
    0x0800024c   0x00000000   Code   RO         3042    .ARM.Collect$$libinit$$0000001D  c_w.l(libinit2.o)
    0x0800024c   0x00000000   Code   RO         3044    .ARM.Collect$$libinit$$0000001F  c_w.l(libinit2.o)
    0x0800024c   0x00000000   Code   RO         3046    .ARM.Collect$$libinit$$00000021  c_w.l(libinit2.o)
    0x0800024c   0x00000000   Code   RO         3048    .ARM.Collect$$libinit$$00000023  c_w.l(libinit2.o)
    0x0800024c   0x00000000   Code   RO         3050    .ARM.Collect$$libinit$$00000025  c_w.l(libinit2.o)
    0x0800024c   0x00000000   Code   RO         3054    .ARM.Collect$$libinit$$0000002C  c_w.l(libinit2.o)
    0x0800024c   0x00000000   Code   RO         3056    .ARM.Collect$$libinit$$0000002E  c_w.l(libinit2.o)
    0x0800024c   0x00000000   Code   RO         3058    .ARM.Collect$$libinit$$00000030  c_w.l(libinit2.o)
    0x0800024c   0x00000000   Code   RO         3060    .ARM.Collect$$libinit$$00000032  c_w.l(libinit2.o)
    0x0800024c   0x00000002   Code   RO         3061    .ARM.Collect$$libinit$$00000033  c_w.l(libinit2.o)
    0x0800024e   0x00000002   Code   RO         3081    .ARM.Collect$$libshutdown$$00000000  c_w.l(libshutdown.o)
    0x08000250   0x00000000   Code   RO         3095    .ARM.Collect$$libshutdown$$00000003  c_w.l(libshutdown2.o)
    0x08000250   0x00000000   Code   RO         3098    .ARM.Collect$$libshutdown$$00000006  c_w.l(libshutdown2.o)
    0x08000250   0x00000000   Code   RO         3101    .ARM.Collect$$libshutdown$$00000009  c_w.l(libshutdown2.o)
    0x08000250   0x00000000   Code   RO         3103    .ARM.Collect$$libshutdown$$0000000B  c_w.l(libshutdown2.o)
    0x08000250   0x00000000   Code   RO         3106    .ARM.Collect$$libshutdown$$0000000E  c_w.l(libshutdown2.o)
    0x08000250   0x00000002   Code   RO         3107    .ARM.Collect$$libshutdown$$0000000F  c_w.l(libshutdown2.o)
    0x08000252   0x00000000   Code   RO         2977    .ARM.Collect$$rtentry$$00000000  c_w.l(__rtentry.o)
    0x08000252   0x00000000   Code   RO         2986    .ARM.Collect$$rtentry$$00000002  c_w.l(__rtentry2.o)
    0x08000252   0x00000006   Code   RO         2998    .ARM.Collect$$rtentry$$00000004  c_w.l(__rtentry4.o)
    0x08000258   0x00000000   Code   RO         2988    .ARM.Collect$$rtentry$$00000009  c_w.l(__rtentry2.o)
    0x08000258   0x00000004   Code   RO         2989    .ARM.Collect$$rtentry$$0000000A  c_w.l(__rtentry2.o)
    0x0800025c   0x00000000   Code   RO         2991    .ARM.Collect$$rtentry$$0000000C  c_w.l(__rtentry2.o)
    0x0800025c   0x00000008   Code   RO         2992    .ARM.Collect$$rtentry$$0000000D  c_w.l(__rtentry2.o)
    0x08000264   0x00000002   Code   RO         3015    .ARM.Collect$$rtexit$$00000000  c_w.l(rtexit.o)
    0x08000266   0x00000000   Code   RO         3063    .ARM.Collect$$rtexit$$00000002  c_w.l(rtexit2.o)
    0x08000266   0x00000004   Code   RO         3064    .ARM.Collect$$rtexit$$00000003  c_w.l(rtexit2.o)
    0x0800026a   0x00000006   Code   RO         3065    .ARM.Collect$$rtexit$$00000004  c_w.l(rtexit2.o)
    0x08000270   0x00000040   Code   RO          487  * .text               startup_stm32f746xx.o
    0x080002b0   0x00000028   Code   RO         2945    .text               c_w.l(noretval__2sprintf.o)
    0x080002d8   0x00000068   Code   RO         2947    .text               c_w.l(__printf.o)
    0x08000340   0x00000078   Code   RO         2949    .text               c_w.l(_printf_dec.o)
    0x080003b8   0x00000006   Code   RO         2973    .text               c_w.l(heapauxi.o)
    0x080003be   0x000000b2   Code   RO         2978    .text               c_w.l(_printf_intcommon.o)
    0x08000470   0x00000030   Code   RO         2980    .text               c_w.l(_printf_char_common.o)
    0x080004a0   0x0000000a   Code   RO         2982    .text               c_w.l(_sputc.o)
    0x080004aa   0x0000004a   Code   RO         3002    .text               c_w.l(sys_stackheap_outer.o)
    0x080004f4   0x0000000c   Code   RO         3004    .text               c_w.l(exit.o)
    0x08000500   0x00000008   Code   RO         3012    .text               c_w.l(libspace.o)
    0x08000508   0x0000000c   Code   RO         3073    .text               c_w.l(sys_exit.o)
    0x08000514   0x00000002   Code   RO         3084    .text               c_w.l(use_no_semi.o)
    0x08000516   0x00000000   Code   RO         3086    .text               c_w.l(indicate_semi.o)
    0x08000516   0x00000002   PAD
    0x08000518   0x0000002c   Code   RO          607    i.BusFault_Handler  stm32f7xx_it.o
    0x08000544   0x00000010   Code   RO          281    i.DMA2_Stream6_IRQHandler  uart.o
    0x08000554   0x00000034   Code   RO         2692    i.DMA_CalcBaseAndBitshift  stm32f7xx_hal_dma.o
    0x08000588   0x0000002c   Code   RO         2693    i.DMA_SetConfig     stm32f7xx_hal_dma.o
    0x080005b4   0x00000002   Code   RO          608    i.DebugMon_Handler  stm32f7xx_it.o
    0x080005b6   0x00000002   PAD
    0x080005b8   0x00000218   Code   RO         2698    i.HAL_DMA_IRQHandler  stm32f7xx_hal_dma.o
    0x080007d0   0x00000084   Code   RO         2699    i.HAL_DMA_Init      stm32f7xx_hal_dma.o
    0x08000854   0x0000006a   Code   RO         2702    i.HAL_DMA_Start_IT  stm32f7xx_hal_dma.o
    0x080008be   0x0000001a   Code   RO          710    i.HAL_Delay         stm32f7xx_hal.o
    0x080008d8   0x0000021c   Code   RO          864    i.HAL_GPIO_Init     stm32f7xx_hal_gpio.o
    0x08000af4   0x00000008   Code   RO          867    i.HAL_GPIO_TogglePin  stm32f7xx_hal_gpio.o
    0x08000afc   0x0000000c   Code   RO          718    i.HAL_GetTick       stm32f7xx_hal.o
    0x08000b08   0x00000010   Code   RO          719    i.HAL_IncTick       stm32f7xx_hal.o
    0x08000b18   0x00000028   Code   RO          720    i.HAL_Init          stm32f7xx_hal.o
    0x08000b40   0x00000024   Code   RO          721    i.HAL_InitTick      stm32f7xx_hal.o
    0x08000b64   0x0000000a   Code   RO          723    i.HAL_MspInit       stm32f7xx_hal.o
    0x08000b6e   0x0000001a   Code   RO         2819    i.HAL_NVIC_EnableIRQ  stm32f7xx_hal_cortex.o
    0x08000b88   0x0000007c   Code   RO         2825    i.HAL_NVIC_SetPriority  stm32f7xx_hal_cortex.o
    0x08000c04   0x00000028   Code   RO         2826    i.HAL_NVIC_SetPriorityGrouping  stm32f7xx_hal_cortex.o
    0x08000c2c   0x00000094   Code   RO         1688    i.HAL_PWREx_EnableOverDrive  stm32f7xx_hal_pwr_ex.o
    0x08000cc0   0x00000268   Code   RO          928    i.HAL_RCC_ClockConfig  stm32f7xx_hal_rcc.o
    0x08000f28   0x00000038   Code   RO          933    i.HAL_RCC_GetHCLKFreq  stm32f7xx_hal_rcc.o
    0x08000f60   0x0000002c   Code   RO          935    i.HAL_RCC_GetPCLK1Freq  stm32f7xx_hal_rcc.o
    0x08000f8c   0x0000002c   Code   RO          936    i.HAL_RCC_GetPCLK2Freq  stm32f7xx_hal_rcc.o
    0x08000fb8   0x000000b4   Code   RO          937    i.HAL_RCC_GetSysClockFreq  stm32f7xx_hal_rcc.o
    0x0800106c   0x00000554   Code   RO          940    i.HAL_RCC_OscConfig  stm32f7xx_hal_rcc.o
    0x080015c0   0x00000034   Code   RO         2830    i.HAL_SYSTICK_Config  stm32f7xx_hal_cortex.o
    0x080015f4   0x0000002e   Code   RO         1776    i.HAL_TIM_Base_Init  stm32f7xx_hal_tim.o
    0x08001622   0x00000002   Code   RO         1778    i.HAL_TIM_Base_MspInit  stm32f7xx_hal_tim.o
    0x08001624   0x0000001e   Code   RO         1781    i.HAL_TIM_Base_Start_IT  stm32f7xx_hal_tim.o
    0x08001642   0x00000002   Code   RO         1081    i.HAL_UART_ErrorCallback  stm32f7xx_hal_uart.o
    0x08001644   0x0000010a   Code   RO         1084    i.HAL_UART_IRQHandler  stm32f7xx_hal_uart.o
    0x0800174e   0x00000078   Code   RO         1085    i.HAL_UART_Init     stm32f7xx_hal_uart.o
    0x080017c6   0x00000002   Code   RO         1087    i.HAL_UART_MspInit  stm32f7xx_hal_uart.o
    0x080017c8   0x00000002   Code   RO         1091    i.HAL_UART_RxCpltCallback  stm32f7xx_hal_uart.o
    0x080017ca   0x00000002   PAD
    0x080017cc   0x000000ac   Code   RO         1094    i.HAL_UART_Transmit_DMA  stm32f7xx_hal_uart.o
    0x08001878   0x0000000c   Code   RO          282    i.HAL_UART_TxCpltCallback  uart.o
    0x08001884   0x00000002   Code   RO         1097    i.HAL_UART_TxHalfCpltCallback  stm32f7xx_hal_uart.o
    0x08001886   0x00000002   PAD
    0x08001888   0x0000002c   Code   RO          609    i.HardFault_Handler  stm32f7xx_it.o
    0x080018b4   0x0000002c   Code   RO          610    i.MemManage_Handler  stm32f7xx_it.o
    0x080018e0   0x00000002   Code   RO          611    i.NMI_Handler       stm32f7xx_it.o
    0x080018e2   0x00000002   PAD
    0x080018e4   0x00000010   Code   RO         2832    i.NVIC_GetPriorityGrouping  stm32f7xx_hal_cortex.o
    0x080018f4   0x00000028   Code   RO         2833    i.NVIC_SetPriority  stm32f7xx_hal_cortex.o
    0x0800191c   0x00000002   Code   RO          612    i.PendSV_Handler    stm32f7xx_it.o
    0x0800191e   0x00000002   Code   RO          613    i.SVC_Handler       stm32f7xx_it.o
    0x08001920   0x00000008   Code   RO          614    i.SysTick_Handler   stm32f7xx_it.o
    0x08001928   0x0000006e   Code   RO          205    i.SystemClock_Config  init.o
    0x08001996   0x00000002   PAD
    0x08001998   0x00000064   Code   RO          495    i.SystemInit        system_stm32f7xx.o
    0x080019fc   0x00000068   Code   RO          421    i.TIM3_IRQHandler   timer.o
    0x08001a64   0x000000e4   Code   RO         1860    i.TIM_Base_SetConfig  stm32f7xx_hal_tim.o
    0x08001b48   0x000000ea   Code   RO         1098    i.UART_AdvFeatureConfig  stm32f7xx_hal_uart.o
    0x08001c32   0x0000005c   Code   RO         1099    i.UART_CheckIdleState  stm32f7xx_hal_uart.o
    0x08001c8e   0x00000026   Code   RO         1100    i.UART_DMAError     stm32f7xx_hal_uart.o
    0x08001cb4   0x00000038   Code   RO         1103    i.UART_DMATransmitCplt  stm32f7xx_hal_uart.o
    0x08001cec   0x0000000e   Code   RO         1104    i.UART_DMATxHalfCplt  stm32f7xx_hal_uart.o
    0x08001cfa   0x00000030   Code   RO         1105    i.UART_EndTransmit_IT  stm32f7xx_hal_uart.o
    0x08001d2a   0x000000a0   Code   RO         1106    i.UART_Receive_IT   stm32f7xx_hal_uart.o
    0x08001dca   0x00000002   PAD
    0x08001dcc   0x00000358   Code   RO         1107    i.UART_SetConfig    stm32f7xx_hal_uart.o
    0x08002124   0x00000098   Code   RO         1108    i.UART_Transmit_IT  stm32f7xx_hal_uart.o
    0x080021bc   0x000000f6   Code   RO         1109    i.UART_WaitOnFlagUntilTimeout  stm32f7xx_hal_uart.o
    0x080022b2   0x00000002   PAD
    0x080022b4   0x00000010   Code   RO          283    i.USART6_IRQHandler  uart.o
    0x080022c4   0x0000002c   Code   RO          615    i.UsageFault_Handler  stm32f7xx_it.o
    0x080022f0   0x0000008c   Code   RO          387    i.dioda             ws2812driver.o
    0x0800237c   0x000000a0   Code   RO          284    i.dma_conf          uart.o
    0x0800241c   0x00000050   Code   RO          459    i.error             error.o
    0x0800246c   0x00000044   Code   RO          206    i.gpio_tim_mes_init  init.o
    0x080024b0   0x0000007c   Code   RO          210    i.init              init.o
    0x0800252c   0x00000044   Code   RO          211    i.led_init          init.o
    0x08002570   0x00000014   Code   RO          214    i.led_toggle        init.o
    0x08002584   0x00000010   Code   RO            4    i.main              main.o
    0x08002594   0x00000058   Code   RO          388    i.tablica           ws2812driver.o
    0x080025ec   0x00000070   Code   RO          422    i.tim3_init         timer.o
    0x0800265c   0x00000018   Code   RO          286    i.usart1_Write      uart.o
    0x08002674   0x00000030   Code   RO          287    i.usart1_WriteS     uart.o
    0x080026a4   0x000000ac   Code   RO          288    i.usart1_init       uart.o
    0x08002750   0x0000010c   Code   RO          291    i.usart6_init       uart.o
    0x0800285c   0x0000000a   Code   RO         3071    x$fpl$fpinit        fz_wm.l(fpinit.o)
    0x08002866   0x00000010   Data   RO          941    .constdata          stm32f7xx_hal_rcc.o
    0x08002876   0x00000008   Data   RO         2703    .constdata          stm32f7xx_hal_dma.o
    0x0800287e   0x00000002   PAD
    0x08002880   0x00000020   Data   RO         3138    Region$$Table       anon$$obj.o


    Execution Region ER_RW (Base: 0x20010000, Size: 0x00000018, Max: 0xffffffff, ABSOLUTE)

    Base Addr    Size         Type   Attr      Idx    E Section Name        Object

    0x20010000   0x00000001   Data   RW          293    .data               uart.o
    0x20010001   0x00000008   Data   RW          390    .data               ws2812driver.o
    0x20010009   0x00000001   Data   RW          424    .data               timer.o
    0x2001000a   0x00000002   PAD
    0x2001000c   0x00000004   Data   RW          497    .data               system_stm32f7xx.o
    0x20010010   0x00000004   Data   RW          616    .data               stm32f7xx_it.o
    0x20010014   0x00000004   Data   RW          726    .data               stm32f7xx_hal.o


    Execution Region ER_ZI (Base: 0x20010018, Size: 0x000106e8, Max: 0xffffffff, ABSOLUTE)

    Base Addr    Size         Type   Attr      Idx    E Section Name        Object

    0x20010018   0x00000138   Zero   RW          292    .bss                uart.o
    0x20010150   0x0000ef10   Zero   RW          389    .bss                ws2812driver.o
    0x2001f060   0x0000003c   Zero   RW          423    .bss                timer.o
    0x2001f09c   0x00000060   Zero   RW         3013    .bss                c_w.l(libspace.o)
    0x2001f0fc   0x00000004   PAD
    0x2001f100   0x00000200   Zero   RW          485    HEAP                startup_stm32f746xx.o
    0x2001f300   0x00001400   Zero   RW          484    STACK               startup_stm32f746xx.o


==============================================================================

Image component sizes


      Code (inc. data)   RO Data    RW Data    ZI Data      Debug   Object Name

        80         42          0          0          0        512   error.o
       390         80          0          0          0       3056   init.o
        16          0          0          0          0     366507   main.o
        64         26        456          0       5632        844   startup_stm32f746xx.o
       140         16          0          4          0       4104   stm32f7xx_hal.o
       298         22          0          0          0      35663   stm32f7xx_hal_cortex.o
       870         16          8          0          0       4183   stm32f7xx_hal_dma.o
       548         52          0          0          0       2265   stm32f7xx_hal_gpio.o
       148          8          0          0          0       1204   stm32f7xx_hal_pwr_ex.o
      2304         64         16          0          0       5735   stm32f7xx_hal_rcc.o
       306         44          0          0          0       2888   stm32f7xx_hal_tim.o
      2462         60          0          0          0      11859   stm32f7xx_hal_uart.o
       192        112          0          4          0       4949   stm32f7xx_it.o
       100         18          0          4          0       1117   system_stm32f7xx.o
       216         32          0          1         60       1855   timer.o
       716        102          0          1        312       5837   uart.o
       228         10          0          8      61200       1956   ws2812driver.o

    ----------------------------------------------------------------------
      9092        704        514         24      67204     454534   Object Totals
         0          0         32          0          0          0   (incl. Generated)
        14          0          2          2          0          0   (incl. Padding)

    ----------------------------------------------------------------------

      Code (inc. data)   RO Data    RW Data    ZI Data      Debug   Library Member Name

         8          0          0          0          0         68   __main.o
       104          0          0          0          0         84   __printf.o
         0          0          0          0          0          0   __rtentry.o
        12          0          0          0          0          0   __rtentry2.o
         6          0          0          0          0          0   __rtentry4.o
        52          8          0          0          0          0   __scatter.o
        26          0          0          0          0          0   __scatter_copy.o
        28          0          0          0          0          0   __scatter_zi.o
        48          6          0          0          0         96   _printf_char_common.o
         6          0          0          0          0          0   _printf_d.o
       120         16          0          0          0         92   _printf_dec.o
       178          0          0          0          0         88   _printf_intcommon.o
         0          0          0          0          0          0   _printf_percent.o
         4          0          0          0          0          0   _printf_percent_end.o
        10          0          0          0          0         68   _sputc.o
        12          0          0          0          0         72   exit.o
         6          0          0          0          0        152   heapauxi.o
         0          0          0          0          0          0   indicate_semi.o
         2          0          0          0          0          0   libinit.o
         6          0          0          0          0          0   libinit2.o
         2          0          0          0          0          0   libshutdown.o
         2          0          0          0          0          0   libshutdown2.o
         8          4          0          0         96         68   libspace.o
        40          6          0          0          0         84   noretval__2sprintf.o
         2          0          0          0          0          0   rtexit.o
        10          0          0          0          0          0   rtexit2.o
        12          4          0          0          0         68   sys_exit.o
        74          0          0          0          0         80   sys_stackheap_outer.o
         2          0          0          0          0         68   use_no_semi.o
        10          0          0          0          0        116   fpinit.o

    ----------------------------------------------------------------------
       794         44          0          0        100       1204   Library Totals
         4          0          0          0          4          0   (incl. Padding)

    ----------------------------------------------------------------------

      Code (inc. data)   RO Data    RW Data    ZI Data      Debug   Library Name

       780         44          0          0         96       1088   c_w.l
        10          0          0          0          0        116   fz_wm.l

    ----------------------------------------------------------------------
       794         44          0          0        100       1204   Library Totals

    ----------------------------------------------------------------------

==============================================================================


      Code (inc. data)   RO Data    RW Data    ZI Data      Debug   

      9886        748        514         24      67304     448170   Grand Totals
      9886        748        514         24      67304     448170   ELF Image Totals
      9886        748        514         24          0          0   ROM Totals

==============================================================================

    Total RO  Size (Code + RO Data)                10400 (  10.16kB)
    Total RW  Size (RW Data + ZI Data)             67328 (  65.75kB)
    Total ROM Size (Code + RO Data + RW Data)      10424 (  10.18kB)

==============================================================================

